Archive member included to satisfy reference by file (symbol)

C:/ST/STM32CubeIDE_1.10.1/STM32CubeIDE/plugins/com.st.stm32cube.ide.mcu.externaltools.gnu-tools-for-stm32.11.3.rel1.win32_1.1.0.202305231506/tools/bin/../lib/gcc/arm-none-eabi/11.3.1/../../../../arm-none-eabi/lib/thumb/v6-m/nofp\libc_nano.a(libc_a-exit.o)
                              C:/ST/STM32CubeIDE_1.10.1/STM32CubeIDE/plugins/com.st.stm32cube.ide.mcu.externaltools.gnu-tools-for-stm32.11.3.rel1.win32_1.1.0.202305231506/tools/bin/../lib/gcc/arm-none-eabi/11.3.1/../../../../arm-none-eabi/lib/thumb/v6-m/nofp/crt0.o (exit)
C:/ST/STM32CubeIDE_1.10.1/STM32CubeIDE/plugins/com.st.stm32cube.ide.mcu.externaltools.gnu-tools-for-stm32.11.3.rel1.win32_1.1.0.202305231506/tools/bin/../lib/gcc/arm-none-eabi/11.3.1/../../../../arm-none-eabi/lib/thumb/v6-m/nofp\libc_nano.a(libc_a-findfp.o)
                              C:/ST/STM32CubeIDE_1.10.1/STM32CubeIDE/plugins/com.st.stm32cube.ide.mcu.externaltools.gnu-tools-for-stm32.11.3.rel1.win32_1.1.0.202305231506/tools/bin/../lib/gcc/arm-none-eabi/11.3.1/../../../../arm-none-eabi/lib/thumb/v6-m/nofp\libc_nano.a(libc_a-exit.o) (__stdio_exit_handler)
C:/ST/STM32CubeIDE_1.10.1/STM32CubeIDE/plugins/com.st.stm32cube.ide.mcu.externaltools.gnu-tools-for-stm32.11.3.rel1.win32_1.1.0.202305231506/tools/bin/../lib/gcc/arm-none-eabi/11.3.1/../../../../arm-none-eabi/lib/thumb/v6-m/nofp\libc_nano.a(libc_a-fwalk.o)
                              C:/ST/STM32CubeIDE_1.10.1/STM32CubeIDE/plugins/com.st.stm32cube.ide.mcu.externaltools.gnu-tools-for-stm32.11.3.rel1.win32_1.1.0.202305231506/tools/bin/../lib/gcc/arm-none-eabi/11.3.1/../../../../arm-none-eabi/lib/thumb/v6-m/nofp\libc_nano.a(libc_a-findfp.o) (_fwalk_sglue)
C:/ST/STM32CubeIDE_1.10.1/STM32CubeIDE/plugins/com.st.stm32cube.ide.mcu.externaltools.gnu-tools-for-stm32.11.3.rel1.win32_1.1.0.202305231506/tools/bin/../lib/gcc/arm-none-eabi/11.3.1/../../../../arm-none-eabi/lib/thumb/v6-m/nofp\libc_nano.a(libc_a-sprintf.o)
                              ./Core/Src/lcd.o (sprintf)
C:/ST/STM32CubeIDE_1.10.1/STM32CubeIDE/plugins/com.st.stm32cube.ide.mcu.externaltools.gnu-tools-for-stm32.11.3.rel1.win32_1.1.0.202305231506/tools/bin/../lib/gcc/arm-none-eabi/11.3.1/../../../../arm-none-eabi/lib/thumb/v6-m/nofp\libc_nano.a(libc_a-stdio.o)
                              C:/ST/STM32CubeIDE_1.10.1/STM32CubeIDE/plugins/com.st.stm32cube.ide.mcu.externaltools.gnu-tools-for-stm32.11.3.rel1.win32_1.1.0.202305231506/tools/bin/../lib/gcc/arm-none-eabi/11.3.1/../../../../arm-none-eabi/lib/thumb/v6-m/nofp\libc_nano.a(libc_a-findfp.o) (__sread)
C:/ST/STM32CubeIDE_1.10.1/STM32CubeIDE/plugins/com.st.stm32cube.ide.mcu.externaltools.gnu-tools-for-stm32.11.3.rel1.win32_1.1.0.202305231506/tools/bin/../lib/gcc/arm-none-eabi/11.3.1/../../../../arm-none-eabi/lib/thumb/v6-m/nofp\libc_nano.a(libc_a-memset.o)
                              C:/ST/STM32CubeIDE_1.10.1/STM32CubeIDE/plugins/com.st.stm32cube.ide.mcu.externaltools.gnu-tools-for-stm32.11.3.rel1.win32_1.1.0.202305231506/tools/bin/../lib/gcc/arm-none-eabi/11.3.1/../../../../arm-none-eabi/lib/thumb/v6-m/nofp/crt0.o (memset)
C:/ST/STM32CubeIDE_1.10.1/STM32CubeIDE/plugins/com.st.stm32cube.ide.mcu.externaltools.gnu-tools-for-stm32.11.3.rel1.win32_1.1.0.202305231506/tools/bin/../lib/gcc/arm-none-eabi/11.3.1/../../../../arm-none-eabi/lib/thumb/v6-m/nofp\libc_nano.a(libc_a-closer.o)
                              C:/ST/STM32CubeIDE_1.10.1/STM32CubeIDE/plugins/com.st.stm32cube.ide.mcu.externaltools.gnu-tools-for-stm32.11.3.rel1.win32_1.1.0.202305231506/tools/bin/../lib/gcc/arm-none-eabi/11.3.1/../../../../arm-none-eabi/lib/thumb/v6-m/nofp\libc_nano.a(libc_a-stdio.o) (_close_r)
C:/ST/STM32CubeIDE_1.10.1/STM32CubeIDE/plugins/com.st.stm32cube.ide.mcu.externaltools.gnu-tools-for-stm32.11.3.rel1.win32_1.1.0.202305231506/tools/bin/../lib/gcc/arm-none-eabi/11.3.1/../../../../arm-none-eabi/lib/thumb/v6-m/nofp\libc_nano.a(libc_a-reent.o)
                              C:/ST/STM32CubeIDE_1.10.1/STM32CubeIDE/plugins/com.st.stm32cube.ide.mcu.externaltools.gnu-tools-for-stm32.11.3.rel1.win32_1.1.0.202305231506/tools/bin/../lib/gcc/arm-none-eabi/11.3.1/../../../../arm-none-eabi/lib/thumb/v6-m/nofp\libc_nano.a(libc_a-closer.o) (errno)
C:/ST/STM32CubeIDE_1.10.1/STM32CubeIDE/plugins/com.st.stm32cube.ide.mcu.externaltools.gnu-tools-for-stm32.11.3.rel1.win32_1.1.0.202305231506/tools/bin/../lib/gcc/arm-none-eabi/11.3.1/../../../../arm-none-eabi/lib/thumb/v6-m/nofp\libc_nano.a(libc_a-impure.o)
                              C:/ST/STM32CubeIDE_1.10.1/STM32CubeIDE/plugins/com.st.stm32cube.ide.mcu.externaltools.gnu-tools-for-stm32.11.3.rel1.win32_1.1.0.202305231506/tools/bin/../lib/gcc/arm-none-eabi/11.3.1/../../../../arm-none-eabi/lib/thumb/v6-m/nofp\libc_nano.a(libc_a-sprintf.o) (_impure_ptr)
[...]
Memory Configuration

Name             Origin             Length             Attributes
RAM              0x0000000020000000 0x0000000000002000 xrw
FLASH            0x0000000008000000 0x0000000000010000 xr
*default*        0x0000000000000000 0xffffffffffffffff

Linker script and memory map

LOAD C:/ST/STM32CubeIDE_1.10.1/STM32CubeIDE/plugins/com.st.stm32cube.ide.mcu.externaltools.gnu-tools-for-stm32.11.3.rel1.win32_1.1.0.202305231506/tools/bin/../lib/gcc/arm-none-eabi/11.3.1/thumb/v6-m/nofp/crti.o
LOAD C:/ST/STM32CubeIDE_1.10.1/STM32CubeIDE/plugins/com.st.stm32cube.ide.mcu.externaltools.gnu-tools-for-stm32.11.3.rel1.win32_1.1.0.202305231506/tools/bin/../lib/gcc/arm-none-eabi/11.3.1/thumb/v6-m/nofp/crtbegin.o
LOAD C:/ST/STM32CubeIDE_1.10.1/STM32CubeIDE/plugins/com.st.stm32cube.ide.mcu.externaltools.gnu-tools-for-stm32.11.3.rel1.win32_1.1.0.202305231506/tools/bin/../lib/gcc/arm-none-eabi/11.3.1/../../../../arm-none-eabi/lib/thumb/v6-m/nofp/crt0.o
LOAD ./Core/Src/gesture.o
LOAD ./Core/Src/lcd.o
LOAD ./Core/Src/main.o
LOAD ./Core/Src/stm32f0xx_hal_msp.o
LOAD ./Core/Src/stm32f0xx_it.o
LOAD ./Core/Src/syscalls.o
LOAD ./Core/Src/sysmem.o
LOAD ./Core/Src/system_stm32f0xx.o
LOAD ./Core/Startup/startup_stm32f030c8tx.o
LOAD ./Drivers/STM32F0xx_HAL_Driver/Src/stm32f0xx_hal.o
LOAD ./Drivers/STM32F0xx_HAL_Driver/Src/stm32f0xx_hal_cortex.o
LOAD ./Drivers/STM32F0xx_HAL_Driver/Src/stm32f0xx_hal_dma.o
LOAD ./Drivers/STM32F0xx_HAL_Driver/Src/stm32f0xx_hal_exti.o
LOAD ./Drivers/STM32F0xx_HAL_Driver/Src/stm32f0xx_hal_flash.o
LOAD ./Drivers/STM32F0xx_HAL_Driver/Src/stm32f0xx_hal_flash_ex.o
LOAD ./Drivers/STM32F0xx_HAL_Driver/Src/stm32f0xx_hal_gpio.o
LOAD ./Drivers/STM32F0xx_HAL_Driver/Src/stm32f0xx_hal_i2c.o
LOAD ./Drivers/STM32F0xx_HAL_Driver/Src/stm32f0xx_hal_i2c_ex.o
LOAD ./Drivers/STM32F0xx_HAL_Driver/Src/stm32f0xx_hal_pwr.o
LOAD ./Drivers/STM32F0xx_HAL_Driver/Src/stm32f0xx_hal_pwr_ex.o
LOAD ./Drivers/STM32F0xx_HAL_Driver/Src/stm32f0xx_hal_rcc.o
LOAD ./Drivers/STM32F0xx_HAL_Driver/Src/stm32f0xx_hal_rcc_ex.o
LOAD ./Drivers/STM32F0xx_HAL_Driver/Src/stm32f0xx_hal_tim.o
LOAD ./Drivers/STM32F0xx_HAL_Driver/Src/stm32f0xx_hal_tim_ex.o
LOAD ./Drivers/STM32F0xx_HAL_Driver/Src/stm32f0xx_hal_uart.o
LOAD ./Drivers/STM32F0xx_HAL_Driver/Src/stm32f0xx_hal_uart_ex.o
START GROUP
LOAD C:/ST/STM32CubeIDE_1.10.1/STM32CubeIDE/plugins/com.st.stm32cube.ide.mcu.externaltools.gnu-tools-for-stm32.11.3.rel1.win32_1.1.0.202305231506/tools/bin/../lib/gcc/arm-none-eabi/11.3.1/../../../../arm-none-eabi/lib/thumb/v6-m/nofp\libc_nano.a
LOAD C:/ST/STM32CubeIDE_1.10.1/STM32CubeIDE/plugins/com.st.stm32cube.ide.mcu.externaltools.gnu-tools-for-stm32.11.3.rel1.win32_1.1.0.202305231506/tools/bin/../lib/gcc/arm-none-eabi/11.3.1/../../../../arm-none-eabi/lib/thumb/v6-m/nofp\libm.a
END GROUP
START GROUP
LOAD C:/ST/STM32CubeIDE_1.10.1/STM32CubeIDE/plugins/com.st.stm32cube.ide.mcu.externaltools.gnu-tools-for-stm32.11.3.rel1.win32_1.1.0.202305231506/tools/bin/../lib/gcc/arm-none-eabi/11.3.1/thumb/v6-m/nofp\libgcc.a
LOAD C:/ST/STM32CubeIDE_1.10.1/STM32CubeIDE/plugins/com.st.stm32cube.ide.mcu.externaltools.gnu-tools-for-stm32.11.3.rel1.win32_1.1.0.202305231506/tools/bin/../lib/gcc/arm-none-eabi/11.3.1/../../../../arm-none-eabi/lib/thumb/v6-m/nofp\libc_nano.a
END GROUP
START GROUP
LOAD C:/ST/STM32CubeIDE_1.10.1/STM32CubeIDE/plugins/com.st.stm32cube.ide.mcu.externaltools.gnu-tools-for-stm32.11.3.rel1.win32_1.1.0.202305231506/tools/bin/../lib/gcc/arm-none-eabi/11.3.1/thumb/v6-m/nofp\libgcc.a
LOAD C:/ST/STM32CubeIDE_1.10.1/STM32CubeIDE/plugins/com.st.stm32cube.ide.mcu.externaltools.gnu-tools-for-stm32.11.3.rel1.win32_1.1.0.202305231506/tools/bin/../lib/gcc/arm-none-eabi/11.3.1/../../../../arm-none-eabi/lib/thumb/v6-m/nofp\libc_nano.a
LOAD C:/ST/STM32CubeIDE_1.10.1/STM32CubeIDE/plugins/com.st.stm32cube.ide.mcu.externaltools.gnu-tools-for-stm32.11.3.rel1.win32_1.1.0.202305231506/tools/bin/../lib/gcc/arm-none-eabi/11.3.1/../../../../arm-none-eabi/lib/thumb/v6-m/nofp\libnosys.a
END GROUP
START GROUP
LOAD C:/ST/STM32CubeIDE_1.10.1/STM32CubeIDE/plugins/com.st.stm32cube.ide.mcu.externaltools.gnu-tools-for-stm32.11.3.rel1.win32_1.1.0.202305231506/tools/bin/../lib/gcc/arm-none-eabi/11.3.1/thumb/v6-m/nofp\libgcc.a
LOAD C:/ST/STM32CubeIDE_1.10.1/STM32CubeIDE/plugins/com.st.stm32cube.ide.mcu.externaltools.gnu-tools-for-stm32.11.3.rel1.win32_1.1.0.202305231506/tools/bin/../lib/gcc/arm-none-eabi/11.3.1/../../../../arm-none-eabi/lib/thumb/v6-m/nofp\libc_nano.a
LOAD C:/ST/STM32CubeIDE_1.10.1/STM32CubeIDE/plugins/com.st.stm32cube.ide.mcu.externaltools.gnu-tools-for-stm32.11.3.rel1.win32_1.1.0.202305231506/tools/bin/../lib/gcc/arm-none-eabi/11.3.1/../../../../arm-none-eabi/lib/thumb/v6-m/nofp\libnosys.a
END GROUP
LOAD C:/ST/STM32CubeIDE_1.10.1/STM32CubeIDE/plugins/com.st.stm32cube.ide.mcu.externaltools.gnu-tools-for-stm32.11.3.rel1.win32_1.1.0.202305231506/tools/bin/../lib/gcc/arm-none-eabi/11.3.1/thumb/v6-m/nofp/crtend.o
LOAD C:/ST/STM32CubeIDE_1.10.1/STM32CubeIDE/plugins/com.st.stm32cube.ide.mcu.externaltools.gnu-tools-for-stm32.11.3.rel1.win32_1.1.0.202305231506/tools/bin/../lib/gcc/arm-none-eabi/11.3.1/thumb/v6-m/nofp/crtn.o
                0x0000000020002000                _estack = (ORIGIN (RAM) + LENGTH (RAM))
                0x0000000000000200                _Min_Heap_Size = 0x200
                0x0000000000000400                _Min_Stack_Size = 0x400

.isr_vector     0x0000000008000000       0xc0
                0x0000000008000000                . = ALIGN (0x4)
 *(.isr_vector)
 .isr_vector    0x0000000008000000       0xc0 ./Core/Startup/startup_stm32f030c8tx.o
                0x0000000008000000                g_pfnVectors
                0x00000000080000c0                . = ALIGN (0x4)

.text           0x00000000080000c0     0x6208
                0x00000000080000c0                . = ALIGN (0x4)
 *(.text)
 .text          0x00000000080000c0       0x48 C:/ST/STM32CubeIDE_1.10.1/STM32CubeIDE/plugins/com.st.stm32cube.ide.mcu.externaltools.gnu-tools-for-stm32.11.3.rel1.win32_1.1.0.202305231506/tools/bin/../lib/gcc/arm-none-eabi/11.3.1/thumb/v6-m/nofp/crtbegin.o
 .text          0x0000000008000108       0x14 C:/ST/STM32CubeIDE_1.10.1/STM32CubeIDE/plugins/com.st.stm32cube.ide.mcu.externaltools.gnu-tools-for-stm32.11.3.rel1.win32_1.1.0.202305231506/tools/bin/../lib/gcc/arm-none-eabi/11.3.1/thumb/v6-m/nofp\libgcc.a(_thumb1_case_shi.o)
                0x0000000008000108                __gnu_thumb1_case_shi
 .text          0x000000000800011c      0x114 C:/ST/STM32CubeIDE_1.10.1/STM32CubeIDE/plugins/com.st.stm32cube.ide.mcu.externaltools.gnu-tools-for-stm32.11.3.rel1.win32_1.1.0.202305231506/tools/bin/../lib/gcc/arm-none-eabi/11.3.1/thumb/v6-m/nofp\libgcc.a(_udivsi3.o)
                0x000000000800011c                __aeabi_uidiv
                0x000000000800011c                __udivsi3
                0x0000000008000228                __aeabi_uidivmod
 .text          0x0000000008000230        0x4 C:/ST/STM32CubeIDE_1.10.1/STM32CubeIDE/plugins/com.st.stm32cube.ide.mcu.externaltools.gnu-tools-for-stm32.11.3.rel1.win32_1.1.0.202305231506/tools/bin/../lib/gcc/arm-none-eabi/11.3.1/thumb/v6-m/nofp\libgcc.a(_dvmd_tls.o)
                0x0000000008000230                __aeabi_idiv0
                0x0000000008000230                __aeabi_ldiv0
 *(.text*)
 .text.init_gesture
                0x0000000008000234      0x188 ./Core/Src/gesture.o
                0x0000000008000234                init_gesture
 .text.gestureFIFOAvailable
                0x00000000080003bc       0x44 ./Core/Src/gesture.o
                0x00000000080003bc                gestureFIFOAvailable
 .text.readGesture
                0x0000000008000400       0x24 ./Core/Src/gesture.o
                0x0000000008000400                readGesture
 .text.handleGesture
                0x0000000008000424      0x208 ./Core/Src/gesture.o
                0x0000000008000424                handleGesture
 .text.gestureAvailable
                0x000000000800062c       0x90 ./Core/Src/gesture.o
                0x000000000800062c                gestureAvailable
 .text.write8   0x00000000080006bc       0x4c ./Core/Src/gesture.o
                0x00000000080006bc                write8
 .text.read8    0x0000000008000708       0x4c ./Core/Src/gesture.o
                0x0000000008000708                read8
 .text.lcd_init
                0x0000000008000754       0xbe ./Core/Src/lcd.o
                0x0000000008000754                lcd_init
 .text.lcd_write
                0x0000000008000812      0x1be ./Core/Src/lcd.o
                0x0000000008000812                lcd_write
 .text.lcd_puts
                0x00000000080009d0       0xa2 ./Core/Src/lcd.o
                0x00000000080009d0                lcd_puts
 *fill*         0x0000000008000a72        0x2 
 .text.clr_data
                0x0000000008000a74      0x1bc ./Core/Src/lcd.o
                0x0000000008000a74                clr_data
 .text.clr_select
                0x0000000008000c30       0x58 ./Core/Src/lcd.o
                0x0000000008000c30                clr_select
 .text.lcd_clear
                0x0000000008000c88       0x12 ./Core/Src/lcd.o
                0x0000000008000c88                lcd_clear
 *fill*         0x0000000008000c9a        0x2 
 .text.clock_page
                0x0000000008000c9c       0x50 ./Core/Src/lcd.o
                0x0000000008000c9c                clock_page
 .text.Total_Time_Print
                0x0000000008000cec       0xb8 ./Core/Src/lcd.o
                0x0000000008000cec                Total_Time_Print
 .text.home_page
                0x0000000008000da4       0x40 ./Core/Src/lcd.o
                0x0000000008000da4                home_page
 .text.HAL_TIM_PeriodElapsedCallback
                0x0000000008000de4       0x60 ./Core/Src/main.o
                0x0000000008000de4                HAL_TIM_PeriodElapsedCallback
 .text.update_key_press
                0x0000000008000e44      0x154 ./Core/Src/main.o
                0x0000000008000e44                update_key_press
 .text.set_data_positive
                0x0000000008000f98      0x180 ./Core/Src/main.o
                0x0000000008000f98                set_data_positive
 .text.set_data_negative
                0x0000000008001118      0x16c ./Core/Src/main.o
                0x0000000008001118                set_data_negative
 .text.update_new_data
                0x0000000008001284      0x124 ./Core/Src/main.o
                0x0000000008001284                update_new_data
 .text.page_2_print
                0x00000000080013a8       0x2c ./Core/Src/main.o
                0x00000000080013a8                page_2_print
 .text.page_3_print
                0x00000000080013d4      0x15c ./Core/Src/main.o
                0x00000000080013d4                page_3_print
 .text.update_screen_data_2
                0x0000000008001530       0x34 ./Core/Src/main.o
                0x0000000008001530                update_screen_data_2
 .text.update_screen_data_3
                0x0000000008001564      0x310 ./Core/Src/main.o
                0x0000000008001564                update_screen_data_3
 .text.update_screen_data
                0x0000000008001874      0x330 ./Core/Src/main.o
                0x0000000008001874                update_screen_data
 .text.send_cmd
                0x0000000008001ba4      0x2c0 ./Core/Src/main.o
                0x0000000008001ba4                send_cmd
 .text.page1_print
                0x0000000008001e64      0x1c0 ./Core/Src/main.o
                0x0000000008001e64                page1_print
 .text.HAL_GPIO_EXTI_Callback
                0x0000000008002024       0x38 ./Core/Src/main.o
                0x0000000008002024                HAL_GPIO_EXTI_Callback
 .text.beep_sound
                0x000000000800205c       0x32 ./Core/Src/main.o
                0x000000000800205c                beep_sound
 *fill*         0x000000000800208e        0x2 
 .text.main     0x0000000008002090      0x5a0 ./Core/Src/main.o
                0x0000000008002090                main
 .text.SystemClock_Config
                0x0000000008002630       0xc8 ./Core/Src/main.o
                0x0000000008002630                SystemClock_Config
 .text.MX_I2C1_Init
                0x00000000080026f8       0x80 ./Core/Src/main.o
 .text.MX_TIM6_Init
                0x0000000008002778       0x48 ./Core/Src/main.o
 .text.MX_TIM14_Init
                0x00000000080027c0       0x50 ./Core/Src/main.o
 .text.MX_USART1_UART_Init
                0x0000000008002810       0x64 ./Core/Src/main.o
 .text.MX_GPIO_Init
                0x0000000008002874      0x160 ./Core/Src/main.o
 .text.Error_Handler
                0x00000000080029d4        0xa ./Core/Src/main.o
                0x00000000080029d4                Error_Handler
 *fill*         0x00000000080029de        0x2 
 .text.HAL_MspInit
                0x00000000080029e0       0x48 ./Core/Src/stm32f0xx_hal_msp.o
                0x00000000080029e0                HAL_MspInit
 .text.HAL_I2C_MspInit
                0x0000000008002a28       0x9c ./Core/Src/stm32f0xx_hal_msp.o
                0x0000000008002a28                HAL_I2C_MspInit
 .text.HAL_TIM_Base_MspInit
                0x0000000008002ac4       0x88 ./Core/Src/stm32f0xx_hal_msp.o
                0x0000000008002ac4                HAL_TIM_Base_MspInit
 .text.HAL_UART_MspInit
                0x0000000008002b4c       0xe4 ./Core/Src/stm32f0xx_hal_msp.o
                0x0000000008002b4c                HAL_UART_MspInit
 .text.NMI_Handler
                0x0000000008002c30        0x6 ./Core/Src/stm32f0xx_it.o
                0x0000000008002c30                NMI_Handler
 .text.HardFault_Handler
                0x0000000008002c36        0x6 ./Core/Src/stm32f0xx_it.o
                0x0000000008002c36                HardFault_Handler
 .text.SVC_Handler
                0x0000000008002c3c        0xa ./Core/Src/stm32f0xx_it.o
                0x0000000008002c3c                SVC_Handler
 .text.PendSV_Handler
                0x0000000008002c46        0xa ./Core/Src/stm32f0xx_it.o
                0x0000000008002c46                PendSV_Handler
 .text.SysTick_Handler
                0x0000000008002c50        0xe ./Core/Src/stm32f0xx_it.o
                0x0000000008002c50                SysTick_Handler
 .text.EXTI4_15_IRQHandler
                0x0000000008002c5e       0x46 ./Core/Src/stm32f0xx_it.o
                0x0000000008002c5e                EXTI4_15_IRQHandler
 .text.TIM6_IRQHandler
                0x0000000008002ca4       0x18 ./Core/Src/stm32f0xx_it.o
                0x0000000008002ca4                TIM6_IRQHandler
 .text.TIM14_IRQHandler
                0x0000000008002cbc       0x18 ./Core/Src/stm32f0xx_it.o
                0x0000000008002cbc                TIM14_IRQHandler
 .text._sbrk    0x0000000008002cd4       0x6c ./Core/Src/sysmem.o
                0x0000000008002cd4                _sbrk
 .text.SystemInit
                0x0000000008002d40        0xa ./Core/Src/system_stm32f0xx.o
                0x0000000008002d40                SystemInit
 *fill*         0x0000000008002d4a        0x2 
 .text.Reset_Handler
                0x0000000008002d4c       0x50 ./Core/Startup/startup_stm32f030c8tx.o
                0x0000000008002d4c                Reset_Handler
 .text.Default_Handler
                0x0000000008002d9c        0x2 ./Core/Startup/startup_stm32f030c8tx.o
                0x0000000008002d9c                TIM1_CC_IRQHandler
                0x0000000008002d9c                I2C1_IRQHandler
                0x0000000008002d9c                SPI1_IRQHandler
                0x0000000008002d9c                EXTI2_3_IRQHandler
                0x0000000008002d9c                ADC1_IRQHandler
                0x0000000008002d9c                I2C2_IRQHandler
                0x0000000008002d9c                TIM17_IRQHandler
                0x0000000008002d9c                RTC_IRQHandler
                0x0000000008002d9c                TIM16_IRQHandler
                0x0000000008002d9c                TIM3_IRQHandler
                0x0000000008002d9c                RCC_IRQHandler
                0x0000000008002d9c                DMA1_Channel1_IRQHandler
                0x0000000008002d9c                Default_Handler
                0x0000000008002d9c                DMA1_Channel4_5_IRQHandler
                0x0000000008002d9c                TIM15_IRQHandler
                0x0000000008002d9c                EXTI0_1_IRQHandler
                0x0000000008002d9c                SPI2_IRQHandler
                0x0000000008002d9c                WWDG_IRQHandler
                0x0000000008002d9c                DMA1_Channel2_3_IRQHandler
                0x0000000008002d9c                USART2_IRQHandler
                0x0000000008002d9c                FLASH_IRQHandler
                0x0000000008002d9c                USART1_IRQHandler
                0x0000000008002d9c                TIM1_BRK_UP_TRG_COM_IRQHandler
 *fill*         0x0000000008002d9e        0x2 
 .text.HAL_Init
                0x0000000008002da0       0x28 ./Drivers/STM32F0xx_HAL_Driver/Src/stm32f0xx_hal.o
                0x0000000008002da0                HAL_Init
 .text.HAL_InitTick
                0x0000000008002dc8       0x68 ./Drivers/STM32F0xx_HAL_Driver/Src/stm32f0xx_hal.o
                0x0000000008002dc8                HAL_InitTick
 .text.HAL_IncTick
                0x0000000008002e30       0x24 ./Drivers/STM32F0xx_HAL_Driver/Src/stm32f0xx_hal.o
                0x0000000008002e30                HAL_IncTick
 .text.HAL_GetTick
                0x0000000008002e54       0x14 ./Drivers/STM32F0xx_HAL_Driver/Src/stm32f0xx_hal.o
                0x0000000008002e54                HAL_GetTick
 .text.HAL_Delay
                0x0000000008002e68       0x48 ./Drivers/STM32F0xx_HAL_Driver/Src/stm32f0xx_hal.o
                0x0000000008002e68                HAL_Delay
 .text.__NVIC_EnableIRQ
                0x0000000008002eb0       0x34 ./Drivers/STM32F0xx_HAL_Driver/Src/stm32f0xx_hal_cortex.o
 .text.__NVIC_SetPriority
                0x0000000008002ee4       0xdc ./Drivers/STM32F0xx_HAL_Driver/Src/stm32f0xx_hal_cortex.o
 .text.SysTick_Config
                0x0000000008002fc0       0x48 ./Drivers/STM32F0xx_HAL_Driver/Src/stm32f0xx_hal_cortex.o
 .text.HAL_NVIC_SetPriority
                0x0000000008003008       0x2a ./Drivers/STM32F0xx_HAL_Driver/Src/stm32f0xx_hal_cortex.o
                0x0000000008003008                HAL_NVIC_SetPriority
 .text.HAL_NVIC_EnableIRQ
                0x0000000008003032       0x20 ./Drivers/STM32F0xx_HAL_Driver/Src/stm32f0xx_hal_cortex.o
                0x0000000008003032                HAL_NVIC_EnableIRQ
 .text.HAL_SYSTICK_Config
                0x0000000008003052       0x1a ./Drivers/STM32F0xx_HAL_Driver/Src/stm32f0xx_hal_cortex.o
                0x0000000008003052                HAL_SYSTICK_Config
 .text.HAL_GPIO_Init
                0x000000000800306c      0x2e0 ./Drivers/STM32F0xx_HAL_Driver/Src/stm32f0xx_hal_gpio.o
                0x000000000800306c                HAL_GPIO_Init
 .text.HAL_GPIO_ReadPin
                0x000000000800334c       0x3a ./Drivers/STM32F0xx_HAL_Driver/Src/stm32f0xx_hal_gpio.o
                0x000000000800334c                HAL_GPIO_ReadPin
 .text.HAL_GPIO_WritePin
                0x0000000008003386       0x3a ./Drivers/STM32F0xx_HAL_Driver/Src/stm32f0xx_hal_gpio.o
                0x0000000008003386                HAL_GPIO_WritePin
 .text.HAL_GPIO_EXTI_IRQHandler
                0x00000000080033c0       0x38 ./Drivers/STM32F0xx_HAL_Driver/Src/stm32f0xx_hal_gpio.o
                0x00000000080033c0                HAL_GPIO_EXTI_IRQHandler
 .text.HAL_I2C_Init
                0x00000000080033f8      0x12c ./Drivers/STM32F0xx_HAL_Driver/Src/stm32f0xx_hal_i2c.o
                0x00000000080033f8                HAL_I2C_Init
 .text.HAL_I2C_Mem_Write
                0x0000000008003524      0x25c ./Drivers/STM32F0xx_HAL_Driver/Src/stm32f0xx_hal_i2c.o
                0x0000000008003524                HAL_I2C_Mem_Write
 .text.HAL_I2C_Mem_Read
                0x0000000008003780      0x268 ./Drivers/STM32F0xx_HAL_Driver/Src/stm32f0xx_hal_i2c.o
                0x0000000008003780                HAL_I2C_Mem_Read
 .text.I2C_RequestMemoryWrite
                0x00000000080039e8       0xc8 ./Drivers/STM32F0xx_HAL_Driver/Src/stm32f0xx_hal_i2c.o
 .text.I2C_RequestMemoryRead
                0x0000000008003ab0       0xc4 ./Drivers/STM32F0xx_HAL_Driver/Src/stm32f0xx_hal_i2c.o
 .text.I2C_Flush_TXDR
                0x0000000008003b74       0x44 ./Drivers/STM32F0xx_HAL_Driver/Src/stm32f0xx_hal_i2c.o
 .text.I2C_WaitOnFlagUntilTimeout
                0x0000000008003bb8       0x9c ./Drivers/STM32F0xx_HAL_Driver/Src/stm32f0xx_hal_i2c.o
 .text.I2C_WaitOnTXISFlagUntilTimeout
                0x0000000008003c54       0x8c ./Drivers/STM32F0xx_HAL_Driver/Src/stm32f0xx_hal_i2c.o
 .text.I2C_WaitOnSTOPFlagUntilTimeout
                0x0000000008003ce0       0x86 ./Drivers/STM32F0xx_HAL_Driver/Src/stm32f0xx_hal_i2c.o
 *fill*         0x0000000008003d66        0x2 
 .text.I2C_IsErrorOccurred
                0x0000000008003d68      0x200 ./Drivers/STM32F0xx_HAL_Driver/Src/stm32f0xx_hal_i2c.o
 .text.I2C_TransferConfig
                0x0000000008003f68       0x74 ./Drivers/STM32F0xx_HAL_Driver/Src/stm32f0xx_hal_i2c.o
 .text.HAL_I2CEx_ConfigAnalogFilter
                0x0000000008003fdc       0x98 ./Drivers/STM32F0xx_HAL_Driver/Src/stm32f0xx_hal_i2c_ex.o
                0x0000000008003fdc                HAL_I2CEx_ConfigAnalogFilter
 .text.HAL_I2CEx_ConfigDigitalFilter
                0x0000000008004074       0x98 ./Drivers/STM32F0xx_HAL_Driver/Src/stm32f0xx_hal_i2c_ex.o
                0x0000000008004074                HAL_I2CEx_ConfigDigitalFilter
 .text.HAL_RCC_OscConfig
                0x000000000800410c      0x634 ./Drivers/STM32F0xx_HAL_Driver/Src/stm32f0xx_hal_rcc.o
                0x000000000800410c                HAL_RCC_OscConfig
 .text.HAL_RCC_ClockConfig
                0x0000000008004740      0x19c ./Drivers/STM32F0xx_HAL_Driver/Src/stm32f0xx_hal_rcc.o
                0x0000000008004740                HAL_RCC_ClockConfig
 .text.HAL_RCC_GetSysClockFreq
                0x00000000080048dc       0xac ./Drivers/STM32F0xx_HAL_Driver/Src/stm32f0xx_hal_rcc.o
                0x00000000080048dc                HAL_RCC_GetSysClockFreq
 .text.HAL_RCC_GetHCLKFreq
                0x0000000008004988       0x14 ./Drivers/STM32F0xx_HAL_Driver/Src/stm32f0xx_hal_rcc.o
                0x0000000008004988                HAL_RCC_GetHCLKFreq
 .text.HAL_RCC_GetPCLK1Freq
                0x000000000800499c       0x2c ./Drivers/STM32F0xx_HAL_Driver/Src/stm32f0xx_hal_rcc.o
                0x000000000800499c                HAL_RCC_GetPCLK1Freq
 .text.HAL_RCCEx_PeriphCLKConfig
                0x00000000080049c8      0x19c ./Drivers/STM32F0xx_HAL_Driver/Src/stm32f0xx_hal_rcc_ex.o
                0x00000000080049c8                HAL_RCCEx_PeriphCLKConfig
 .text.HAL_TIM_Base_Init
                0x0000000008004b64       0xa0 ./Drivers/STM32F0xx_HAL_Driver/Src/stm32f0xx_hal_tim.o
                0x0000000008004b64                HAL_TIM_Base_Init
 .text.HAL_TIM_Base_Start_IT
                0x0000000008004c04       0x98 ./Drivers/STM32F0xx_HAL_Driver/Src/stm32f0xx_hal_tim.o
                0x0000000008004c04                HAL_TIM_Base_Start_IT
 .text.HAL_TIM_Base_Stop_IT
                0x0000000008004c9c       0x5c ./Drivers/STM32F0xx_HAL_Driver/Src/stm32f0xx_hal_tim.o
                0x0000000008004c9c                HAL_TIM_Base_Stop_IT
 .text.HAL_TIM_IRQHandler
                0x0000000008004cf8      0x22c ./Drivers/STM32F0xx_HAL_Driver/Src/stm32f0xx_hal_tim.o
                0x0000000008004cf8                HAL_TIM_IRQHandler
 .text.HAL_TIM_OC_DelayElapsedCallback
                0x0000000008004f24       0x10 ./Drivers/STM32F0xx_HAL_Driver/Src/stm32f0xx_hal_tim.o
                0x0000000008004f24                HAL_TIM_OC_DelayElapsedCallback
 .text.HAL_TIM_IC_CaptureCallback
                0x0000000008004f34       0x10 ./Drivers/STM32F0xx_HAL_Driver/Src/stm32f0xx_hal_tim.o
                0x0000000008004f34                HAL_TIM_IC_CaptureCallback
 .text.HAL_TIM_PWM_PulseFinishedCallback
                0x0000000008004f44       0x10 ./Drivers/STM32F0xx_HAL_Driver/Src/stm32f0xx_hal_tim.o
                0x0000000008004f44                HAL_TIM_PWM_PulseFinishedCallback
 .text.HAL_TIM_TriggerCallback
                0x0000000008004f54       0x10 ./Drivers/STM32F0xx_HAL_Driver/Src/stm32f0xx_hal_tim.o
                0x0000000008004f54                HAL_TIM_TriggerCallback
 .text.TIM_Base_SetConfig
                0x0000000008004f64       0xec ./Drivers/STM32F0xx_HAL_Driver/Src/stm32f0xx_hal_tim.o
                0x0000000008004f64                TIM_Base_SetConfig
 .text.HAL_TIMEx_CommutCallback
                0x0000000008005050       0x10 ./Drivers/STM32F0xx_HAL_Driver/Src/stm32f0xx_hal_tim_ex.o
                0x0000000008005050                HAL_TIMEx_CommutCallback
 .text.HAL_TIMEx_BreakCallback
                0x0000000008005060       0x10 ./Drivers/STM32F0xx_HAL_Driver/Src/stm32f0xx_hal_tim_ex.o
                0x0000000008005060                HAL_TIMEx_BreakCallback
 .text.HAL_UART_Transmit
                0x0000000008005070      0x140 ./Drivers/STM32F0xx_HAL_Driver/Src/stm32f0xx_hal_uart.o
                0x0000000008005070                HAL_UART_Transmit
 .text.UART_SetConfig
                0x00000000080051b0      0x280 ./Drivers/STM32F0xx_HAL_Driver/Src/stm32f0xx_hal_uart.o
                0x00000000080051b0                UART_SetConfig
 .text.UART_AdvFeatureConfig
                0x0000000008005430      0x168 ./Drivers/STM32F0xx_HAL_Driver/Src/stm32f0xx_hal_uart.o
                0x0000000008005430                UART_AdvFeatureConfig
 .text.UART_CheckIdleState
                0x0000000008005598      0x150 ./Drivers/STM32F0xx_HAL_Driver/Src/stm32f0xx_hal_uart.o
                0x0000000008005598                UART_CheckIdleState
 .text.UART_WaitOnFlagUntilTimeout
                0x00000000080056e8       0xd2 ./Drivers/STM32F0xx_HAL_Driver/Src/stm32f0xx_hal_uart.o
                0x00000000080056e8                UART_WaitOnFlagUntilTimeout
 *fill*         0x00000000080057ba        0x2 
 .text.UART_EndRxTransfer
                0x00000000080057bc       0xc8 ./Drivers/STM32F0xx_HAL_Driver/Src/stm32f0xx_hal_uart.o
 .text.HAL_RS485Ex_Init
                0x0000000008005884       0xe0 ./Drivers/STM32F0xx_HAL_Driver/Src/stm32f0xx_hal_uart_ex.o
                0x0000000008005884                HAL_RS485Ex_Init
 .text.sprintf  0x0000000008005964       0x40 C:/ST/STM32CubeIDE_1.10.1/STM32CubeIDE/plugins/com.st.stm32cube.ide.mcu.externaltools.gnu-tools-for-stm32.11.3.rel1.win32_1.1.0.202305231506/tools/bin/../lib/gcc/arm-none-eabi/11.3.1/../../../../arm-none-eabi/lib/thumb/v6-m/nofp\libc_nano.a(libc_a-sprintf.o)
                0x0000000008005964                siprintf
                0x0000000008005964                sprintf
 .text.memset   0x00000000080059a4       0x10 C:/ST/STM32CubeIDE_1.10.1/STM32CubeIDE/plugins/com.st.stm32cube.ide.mcu.externaltools.gnu-tools-for-stm32.11.3.rel1.win32_1.1.0.202305231506/tools/bin/../lib/gcc/arm-none-eabi/11.3.1/../../../../arm-none-eabi/lib/thumb/v6-m/nofp\libc_nano.a(libc_a-memset.o)
                0x00000000080059a4                memset
 .text.__errno  0x00000000080059b4        0xc C:/ST/STM32CubeIDE_1.10.1/STM32CubeIDE/plugins/com.st.stm32cube.ide.mcu.externaltools.gnu-tools-for-stm32.11.3.rel1.win32_1.1.0.202305231506/tools/bin/../lib/gcc/arm-none-eabi/11.3.1/../../../../arm-none-eabi/lib/thumb/v6-m/nofp\libc_nano.a(libc_a-errno.o)
                0x00000000080059b4                __errno
 .text.__libc_init_array
                0x00000000080059c0       0x48 C:/ST/STM32CubeIDE_1.10.1/STM32CubeIDE/plugins/com.st.stm32cube.ide.mcu.externaltools.gnu-tools-for-stm32.11.3.rel1.win32_1.1.0.202305231506/tools/bin/../lib/gcc/arm-none-eabi/11.3.1/../../../../arm-none-eabi/lib/thumb/v6-m/nofp\libc_nano.a(libc_a-init.o)
                0x00000000080059c0                __libc_init_array
 .text.__retarget_lock_acquire_recursive
                0x0000000008005a08        0x2 C:/ST/STM32CubeIDE_1.10.1/STM32CubeIDE/plugins/com.st.stm32cube.ide.mcu.externaltools.gnu-tools-for-stm32.11.3.rel1.win32_1.1.0.202305231506/tools/bin/../lib/gcc/arm-none-eabi/11.3.1/../../../../arm-none-eabi/lib/thumb/v6-m/nofp\libc_nano.a(libc_a-lock.o)
                0x0000000008005a08                __retarget_lock_acquire_recursive
 .text.__retarget_lock_release_recursive
                0x0000000008005a0a        0x2 C:/ST/STM32CubeIDE_1.10.1/STM32CubeIDE/plugins/com.st.stm32cube.ide.mcu.externaltools.gnu-tools-for-stm32.11.3.rel1.win32_1.1.0.202305231506/tools/bin/../lib/gcc/arm-none-eabi/11.3.1/../../../../arm-none-eabi/lib/thumb/v6-m/nofp\libc_nano.a(libc_a-lock.o)
                0x0000000008005a0a                __retarget_lock_release_recursive
 .text._free_r  0x0000000008005a0c       0x94 C:/ST/STM32CubeIDE_1.10.1/STM32CubeIDE/plugins/com.st.stm32cube.ide.mcu.externaltools.gnu-tools-for-stm32.11.3.rel1.win32_1.1.0.202305231506/tools/bin/../lib/gcc/arm-none-eabi/11.3.1/../../../../arm-none-eabi/lib/thumb/v6-m/nofp\libc_nano.a(libc_a-freer.o)
                0x0000000008005a0c                _free_r
 .text.sbrk_aligned
                0x0000000008005aa0       0x44 C:/ST/STM32CubeIDE_1.10.1/STM32CubeIDE/plugins/com.st.stm32cube.ide.mcu.externaltools.gnu-tools-for-stm32.11.3.rel1.win32_1.1.0.202305231506/tools/bin/../lib/gcc/arm-none-eabi/11.3.1/../../../../arm-none-eabi/lib/thumb/v6-m/nofp\libc_nano.a(libc_a-mallocr.o)
 .text._malloc_r
                0x0000000008005ae4      0x104 C:/ST/STM32CubeIDE_1.10.1/STM32CubeIDE/plugins/com.st.stm32cube.ide.mcu.externaltools.gnu-tools-for-stm32.11.3.rel1.win32_1.1.0.202305231506/tools/bin/../lib/gcc/arm-none-eabi/11.3.1/../../../../arm-none-eabi/lib/thumb/v6-m/nofp\libc_nano.a(libc_a-mallocr.o)
                0x0000000008005ae4                _malloc_r
 .text.__malloc_lock
                0x0000000008005be8       0x10 C:/ST/STM32CubeIDE_1.10.1/STM32CubeIDE/plugins/com.st.stm32cube.ide.mcu.externaltools.gnu-tools-for-stm32.11.3.rel1.win32_1.1.0.202305231506/tools/bin/../lib/gcc/arm-none-eabi/11.3.1/../../../../arm-none-eabi/lib/thumb/v6-m/nofp\libc_nano.a(libc_a-mlock.o)
                0x0000000008005be8                __malloc_lock
 .text.__malloc_unlock
                0x0000000008005bf8       0x10 C:/ST/STM32CubeIDE_1.10.1/STM32CubeIDE/plugins/com.st.stm32cube.ide.mcu.externaltools.gnu-tools-for-stm32.11.3.rel1.win32_1.1.0.202305231506/tools/bin/../lib/gcc/arm-none-eabi/11.3.1/../../../../arm-none-eabi/lib/thumb/v6-m/nofp\libc_nano.a(libc_a-mlock.o)
                0x0000000008005bf8                __malloc_unlock
 .text.__ssputs_r
                0x0000000008005c08       0xc4 C:/ST/STM32CubeIDE_1.10.1/STM32CubeIDE/plugins/com.st.stm32cube.ide.mcu.externaltools.gnu-tools-for-stm32.11.3.rel1.win32_1.1.0.202305231506/tools/bin/../lib/gcc/arm-none-eabi/11.3.1/../../../../arm-none-eabi/lib/thumb/v6-m/nofp\libc_nano.a(libc_a-nano-svfprintf.o)
                0x0000000008005c08                __ssputs_r
 .text._svfprintf_r
                0x0000000008005ccc      0x200 C:/ST/STM32CubeIDE_1.10.1/STM32CubeIDE/plugins/com.st.stm32cube.ide.mcu.externaltools.gnu-tools-for-stm32.11.3.rel1.win32_1.1.0.202305231506/tools/bin/../lib/gcc/arm-none-eabi/11.3.1/../../../../arm-none-eabi/lib/thumb/v6-m/nofp\libc_nano.a(libc_a-nano-svfprintf.o)
                0x0000000008005ccc                _svfiprintf_r
                0x0000000008005ccc                _svfprintf_r
 .text._printf_common
                0x0000000008005ecc       0xde C:/ST/STM32CubeIDE_1.10.1/STM32CubeIDE/plugins/com.st.stm32cube.ide.mcu.externaltools.gnu-tools-for-stm32.11.3.rel1.win32_1.1.0.202305231506/tools/bin/../lib/gcc/arm-none-eabi/11.3.1/../../../../arm-none-eabi/lib/thumb/v6-m/nofp\libc_nano.a(libc_a-nano-vfprintf_i.o)
                0x0000000008005ecc                _printf_common
 *fill*         0x0000000008005faa        0x2 
 .text._printf_i
                0x0000000008005fac      0x220 C:/ST/STM32CubeIDE_1.10.1/STM32CubeIDE/plugins/com.st.stm32cube.ide.mcu.externaltools.gnu-tools-for-stm32.11.3.rel1.win32_1.1.0.202305231506/tools/bin/../lib/gcc/arm-none-eabi/11.3.1/../../../../arm-none-eabi/lib/thumb/v6-m/nofp\libc_nano.a(libc_a-nano-vfprintf_i.o)
                0x0000000008005fac                _printf_i
 .text.memmove  0x00000000080061cc       0x26 C:/ST/STM32CubeIDE_1.10.1/STM32CubeIDE/plugins/com.st.stm32cube.ide.mcu.externaltools.gnu-tools-for-stm32.11.3.rel1.win32_1.1.0.202305231506/tools/bin/../lib/gcc/arm-none-eabi/11.3.1/../../../../arm-none-eabi/lib/thumb/v6-m/nofp\libc_nano.a(libc_a-memmove.o)
                0x00000000080061cc                memmove
 *fill*         0x00000000080061f2        0x2 
 .text._sbrk_r  0x00000000080061f4       0x24 C:/ST/STM32CubeIDE_1.10.1/STM32CubeIDE/plugins/com.st.stm32cube.ide.mcu.externaltools.gnu-tools-for-stm32.11.3.rel1.win32_1.1.0.202305231506/tools/bin/../lib/gcc/arm-none-eabi/11.3.1/../../../../arm-none-eabi/lib/thumb/v6-m/nofp\libc_nano.a(libc_a-sbrkr.o)
                0x00000000080061f4                _sbrk_r
 .text.memchr   0x0000000008006218       0x16 C:/ST/STM32CubeIDE_1.10.1/STM32CubeIDE/plugins/com.st.stm32cube.ide.mcu.externaltools.gnu-tools-for-stm32.11.3.rel1.win32_1.1.0.202305231506/tools/bin/../lib/gcc/arm-none-eabi/11.3.1/../../../../arm-none-eabi/lib/thumb/v6-m/nofp\libc_nano.a(libc_a-memchr-stub.o)
                0x0000000008006218                memchr
 .text.memcpy   0x000000000800622e       0x12 C:/ST/STM32CubeIDE_1.10.1/STM32CubeIDE/plugins/com.st.stm32cube.ide.mcu.externaltools.gnu-tools-for-stm32.11.3.rel1.win32_1.1.0.202305231506/tools/bin/../lib/gcc/arm-none-eabi/11.3.1/../../../../arm-none-eabi/lib/thumb/v6-m/nofp\libc_nano.a(libc_a-memcpy-stub.o)
                0x000000000800622e                memcpy
 .text._realloc_r
                0x0000000008006240       0x5e C:/ST/STM32CubeIDE_1.10.1/STM32CubeIDE/plugins/com.st.stm32cube.ide.mcu.externaltools.gnu-tools-for-stm32.11.3.rel1.win32_1.1.0.202305231506/tools/bin/../lib/gcc/arm-none-eabi/11.3.1/../../../../arm-none-eabi/lib/thumb/v6-m/nofp\libc_nano.a(libc_a-reallocr.o)
                0x0000000008006240                _realloc_r
 .text._malloc_usable_size_r
                0x000000000800629e       0x10 C:/ST/STM32CubeIDE_1.10.1/STM32CubeIDE/plugins/com.st.stm32cube.ide.mcu.externaltools.gnu-tools-for-stm32.11.3.rel1.win32_1.1.0.202305231506/tools/bin/../lib/gcc/arm-none-eabi/11.3.1/../../../../arm-none-eabi/lib/thumb/v6-m/nofp\libc_nano.a(libc_a-msizer.o)
                0x000000000800629e                _malloc_usable_size_r
 *(.glue_7)
 .glue_7        0x00000000080062ae        0x0 linker stubs
 *(.glue_7t)
 .glue_7t       0x00000000080062ae        0x0 linker stubs
 *(.eh_frame)
 *fill*         0x00000000080062ae        0x2 
 .eh_frame      0x00000000080062b0        0x0 C:/ST/STM32CubeIDE_1.10.1/STM32CubeIDE/plugins/com.st.stm32cube.ide.mcu.externaltools.gnu-tools-for-stm32.11.3.rel1.win32_1.1.0.202305231506/tools/bin/../lib/gcc/arm-none-eabi/11.3.1/thumb/v6-m/nofp/crtbegin.o
 *(.init)
 .init          0x00000000080062b0        0x4 C:/ST/STM32CubeIDE_1.10.1/STM32CubeIDE/plugins/com.st.stm32cube.ide.mcu.externaltools.gnu-tools-for-stm32.11.3.rel1.win32_1.1.0.202305231506/tools/bin/../lib/gcc/arm-none-eabi/11.3.1/thumb/v6-m/nofp/crti.o
                0x00000000080062b0                _init
 .init          0x00000000080062b4        0x8 C:/ST/STM32CubeIDE_1.10.1/STM32CubeIDE/plugins/com.st.stm32cube.ide.mcu.externaltools.gnu-tools-for-stm32.11.3.rel1.win32_1.1.0.202305231506/tools/bin/../lib/gcc/arm-none-eabi/11.3.1/thumb/v6-m/nofp/crtn.o
 *(.fini)
 .fini          0x00000000080062bc        0x4 C:/ST/STM32CubeIDE_1.10.1/STM32CubeIDE/plugins/com.st.stm32cube.ide.mcu.externaltools.gnu-tools-for-stm32.11.3.rel1.win32_1.1.0.202305231506/tools/bin/../lib/gcc/arm-none-eabi/11.3.1/thumb/v6-m/nofp/crti.o
                0x00000000080062bc                _fini
 .fini          0x00000000080062c0        0x8 C:/ST/STM32CubeIDE_1.10.1/STM32CubeIDE/plugins/com.st.stm32cube.ide.mcu.externaltools.gnu-tools-for-stm32.11.3.rel1.win32_1.1.0.202305231506/tools/bin/../lib/gcc/arm-none-eabi/11.3.1/thumb/v6-m/nofp/crtn.o
                0x00000000080062c8                . = ALIGN (0x4)
                0x00000000080062c8                _etext = .

.vfp11_veneer   0x00000000080062c8        0x0
 .vfp11_veneer  0x00000000080062c8        0x0 linker stubs

.v4_bx          0x00000000080062c8        0x0
 .v4_bx         0x00000000080062c8        0x0 linker stubs

.iplt           0x00000000080062c8        0x0
 .iplt          0x00000000080062c8        0x0 C:/ST/STM32CubeIDE_1.10.1/STM32CubeIDE/plugins/com.st.stm32cube.ide.mcu.externaltools.gnu-tools-for-stm32.11.3.rel1.win32_1.1.0.202305231506/tools/bin/../lib/gcc/arm-none-eabi/11.3.1/thumb/v6-m/nofp/crtbegin.o

.rodata         0x00000000080062c8      0x2a8
                0x00000000080062c8                . = ALIGN (0x4)
 *(.rodata)
 .rodata        0x00000000080062c8       0xba ./Core/Src/lcd.o
 *fill*         0x0000000008006382        0x2 
 .rodata        0x0000000008006384       0xb2 ./Core/Src/main.o
 *(.rodata*)
 *fill*         0x0000000008006436        0x2 
 .rodata.clr_data
                0x0000000008006438       0x2c ./Core/Src/lcd.o
 .rodata.set_data_positive
                0x0000000008006464       0x20 ./Core/Src/main.o
 .rodata.set_data_negative
                0x0000000008006484       0x20 ./Core/Src/main.o
 .rodata.update_new_data
                0x00000000080064a4       0x14 ./Core/Src/main.o
 .rodata.update_screen_data
                0x00000000080064b8       0x1c ./Core/Src/main.o
 .rodata.send_cmd
                0x00000000080064d4       0x30 ./Core/Src/main.o
 .rodata.AHBPrescTable
                0x0000000008006504       0x10 ./Core/Src/system_stm32f0xx.o
                0x0000000008006504                AHBPrescTable
 .rodata.APBPrescTable
                0x0000000008006514        0x8 ./Core/Src/system_stm32f0xx.o
                0x0000000008006514                APBPrescTable
 .rodata.aPLLMULFactorTable.1
                0x000000000800651c       0x10 ./Drivers/STM32F0xx_HAL_Driver/Src/stm32f0xx_hal_rcc.o
 .rodata.aPredivFactorTable.0
                0x000000000800652c       0x10 ./Drivers/STM32F0xx_HAL_Driver/Src/stm32f0xx_hal_rcc.o
 .rodata._svfprintf_r.str1.1
                0x000000000800653c       0x11 C:/ST/STM32CubeIDE_1.10.1/STM32CubeIDE/plugins/com.st.stm32cube.ide.mcu.externaltools.gnu-tools-for-stm32.11.3.rel1.win32_1.1.0.202305231506/tools/bin/../lib/gcc/arm-none-eabi/11.3.1/../../../../arm-none-eabi/lib/thumb/v6-m/nofp\libc_nano.a(libc_a-nano-svfprintf.o)
 .rodata._printf_i.str1.1
                0x000000000800654d       0x22 C:/ST/STM32CubeIDE_1.10.1/STM32CubeIDE/plugins/com.st.stm32cube.ide.mcu.externaltools.gnu-tools-for-stm32.11.3.rel1.win32_1.1.0.202305231506/tools/bin/../lib/gcc/arm-none-eabi/11.3.1/../../../../arm-none-eabi/lib/thumb/v6-m/nofp\libc_nano.a(libc_a-nano-vfprintf_i.o)
                0x0000000008006570                . = ALIGN (0x4)
 *fill*         0x000000000800656f        0x1 

.rel.dyn        0x0000000008006570        0x0
 .rel.iplt      0x0000000008006570        0x0 C:/ST/STM32CubeIDE_1.10.1/STM32CubeIDE/plugins/com.st.stm32cube.ide.mcu.externaltools.gnu-tools-for-stm32.11.3.rel1.win32_1.1.0.202305231506/tools/bin/../lib/gcc/arm-none-eabi/11.3.1/thumb/v6-m/nofp/crtbegin.o

.ARM.extab      0x0000000008006570        0x0
                0x0000000008006570                . = ALIGN (0x4)
 *(.ARM.extab* .gnu.linkonce.armextab.*)
                0x0000000008006570                . = ALIGN (0x4)

.ARM            0x0000000008006570        0x0
                0x0000000008006570                . = ALIGN (0x4)
                0x0000000008006570                __exidx_start = .
 *(.ARM.exidx*)
                0x0000000008006570                __exidx_end = .
                0x0000000008006570                . = ALIGN (0x4)

.preinit_array  0x0000000008006570        0x0
                0x0000000008006570                . = ALIGN (0x4)
                0x0000000008006570                PROVIDE (__preinit_array_start = .)
 *(.preinit_array*)
                0x0000000008006570                PROVIDE (__preinit_array_end = .)
                0x0000000008006570                . = ALIGN (0x4)

.init_array     0x0000000008006570        0x4
                0x0000000008006570                . = ALIGN (0x4)
                0x0000000008006570                PROVIDE (__init_array_start = .)
 *(SORT_BY_NAME(.init_array.*))
 *(.init_array*)
 .init_array    0x0000000008006570        0x4 C:/ST/STM32CubeIDE_1.10.1/STM32CubeIDE/plugins/com.st.stm32cube.ide.mcu.externaltools.gnu-tools-for-stm32.11.3.rel1.win32_1.1.0.202305231506/tools/bin/../lib/gcc/arm-none-eabi/11.3.1/thumb/v6-m/nofp/crtbegin.o
                0x0000000008006574                PROVIDE (__init_array_end = .)
                0x0000000008006574                . = ALIGN (0x4)

.fini_array     0x0000000008006574        0x4
                0x0000000008006574                . = ALIGN (0x4)
                [!provide]                        PROVIDE (__fini_array_start = .)
 *(SORT_BY_NAME(.fini_array.*))
 *(.fini_array*)
 .fini_array    0x0000000008006574        0x4 C:/ST/STM32CubeIDE_1.10.1/STM32CubeIDE/plugins/com.st.stm32cube.ide.mcu.externaltools.gnu-tools-for-stm32.11.3.rel1.win32_1.1.0.202305231506/tools/bin/../lib/gcc/arm-none-eabi/11.3.1/thumb/v6-m/nofp/crtbegin.o
                [!provide]                        PROVIDE (__fini_array_end = .)
                0x0000000008006578                . = ALIGN (0x4)
                0x0000000008006578                _sidata = LOADADDR (.data)

.data           0x0000000020000000       0x68 load address 0x0000000008006578
                0x0000000020000000                . = ALIGN (0x4)
                0x0000000020000000                _sdata = .
 *(.data)
 *(.data*)
 .data.APDS9960_I2C_ADDR
                0x0000000020000000        0x2 ./Core/Src/gesture.o
                0x0000000020000000                APDS9960_I2C_ADDR
 .data.sensitivity
                0x0000000020000002        0x1 ./Core/Src/gesture.o
                0x0000000020000002                sensitivity
 *fill*         0x0000000020000003        0x1 
 .data.current_pos
                0x0000000020000004        0x2 ./Core/Src/main.o
                0x0000000020000004                current_pos
 *fill*         0x0000000020000006        0x2 
 .data.data_reg
                0x0000000020000008        0x2 ./Core/Src/main.o
                0x0000000020000008                data_reg
 *fill*         0x000000002000000a        0x2 
 .data.SystemCoreClock
                0x000000002000000c        0x4 ./Core/Src/system_stm32f0xx.o
                0x000000002000000c                SystemCoreClock
 .data.uwTickPrio
                0x0000000020000010        0x4 ./Drivers/STM32F0xx_HAL_Driver/Src/stm32f0xx_hal.o
                0x0000000020000010                uwTickPrio
 .data.uwTickFreq
                0x0000000020000014        0x1 ./Drivers/STM32F0xx_HAL_Driver/Src/stm32f0xx_hal.o
                0x0000000020000014                uwTickFreq
 *fill*         0x0000000020000015        0x3 
 .data._impure_data
                0x0000000020000018       0x4c C:/ST/STM32CubeIDE_1.10.1/STM32CubeIDE/plugins/com.st.stm32cube.ide.mcu.externaltools.gnu-tools-for-stm32.11.3.rel1.win32_1.1.0.202305231506/tools/bin/../lib/gcc/arm-none-eabi/11.3.1/../../../../arm-none-eabi/lib/thumb/v6-m/nofp\libc_nano.a(libc_a-impure.o)
                0x0000000020000018                _impure_data
 .data._impure_ptr
                0x0000000020000064        0x4 C:/ST/STM32CubeIDE_1.10.1/STM32CubeIDE/plugins/com.st.stm32cube.ide.mcu.externaltools.gnu-tools-for-stm32.11.3.rel1.win32_1.1.0.202305231506/tools/bin/../lib/gcc/arm-none-eabi/11.3.1/../../../../arm-none-eabi/lib/thumb/v6-m/nofp\libc_nano.a(libc_a-impure.o)
                0x0000000020000064                _impure_ptr
 *(.RamFunc)
 *(.RamFunc*)
                0x0000000020000068                . = ALIGN (0x4)
                0x0000000020000068                _edata = .

.igot.plt       0x0000000020000068        0x0 load address 0x00000000080065e0
 .igot.plt      0x0000000020000068        0x0 C:/ST/STM32CubeIDE_1.10.1/STM32CubeIDE/plugins/com.st.stm32cube.ide.mcu.externaltools.gnu-tools-for-stm32.11.3.rel1.win32_1.1.0.202305231506/tools/bin/../lib/gcc/arm-none-eabi/11.3.1/thumb/v6-m/nofp/crtbegin.o
                0x0000000020000068                . = ALIGN (0x4)

.bss            0x0000000020000068      0x310 load address 0x00000000080065e0
                0x0000000020000068                _sbss = .
                0x0000000020000068                __bss_start__ = _sbss
 *(.bss)
 .bss           0x0000000020000068       0x1c C:/ST/STM32CubeIDE_1.10.1/STM32CubeIDE/plugins/com.st.stm32cube.ide.mcu.externaltools.gnu-tools-for-stm32.11.3.rel1.win32_1.1.0.202305231506/tools/bin/../lib/gcc/arm-none-eabi/11.3.1/thumb/v6-m/nofp/crtbegin.o
 *(.bss*)
 .bss.gesture_enable
                0x0000000020000084        0x1 ./Core/Src/gesture.o
                0x0000000020000084                gesture_enable
 .bss.proximityEnabled
                0x0000000020000085        0x1 ./Core/Src/gesture.o
                0x0000000020000085                proximityEnabled
 .bss._detectedGesture
                0x0000000020000086        0x1 ./Core/Src/gesture.o
                0x0000000020000086                _detectedGesture
 .bss._gestureIn
                0x0000000020000087        0x1 ./Core/Src/gesture.o
                0x0000000020000087                _gestureIn
 .bss._gestureDirectionX
                0x0000000020000088        0x4 ./Core/Src/gesture.o
                0x0000000020000088                _gestureDirectionX
 .bss._gestureDirectionY
                0x000000002000008c        0x4 ./Core/Src/gesture.o
                0x000000002000008c                _gestureDirectionY
 .bss._gestureDirInX
                0x0000000020000090        0x4 ./Core/Src/gesture.o
                0x0000000020000090                _gestureDirInX
 .bss._gestureDirInY
                0x0000000020000094        0x4 ./Core/Src/gesture.o
                0x0000000020000094                _gestureDirInY
 .bss._gestureSensitivity
                0x0000000020000098        0x4 ./Core/Src/gesture.o
                0x0000000020000098                _gestureSensitivity
 .bss.depth_press
                0x000000002000009c        0x1 ./Core/Src/main.o
                0x000000002000009c                depth_press
 .bss.focus_upd
                0x000000002000009d        0x1 ./Core/Src/main.o
                0x000000002000009d                focus_upd
 .bss.last_pg   0x000000002000009e        0x1 ./Core/Src/main.o
                0x000000002000009e                last_pg
 .bss.pg2_fc    0x000000002000009f        0x1 ./Core/Src/main.o
                0x000000002000009f                pg2_fc
 .bss.pg3_sm    0x00000000200000a0        0x1 ./Core/Src/main.o
                0x00000000200000a0                pg3_sm
 .bss.pg3_md    0x00000000200000a1        0x1 ./Core/Src/main.o
                0x00000000200000a1                pg3_md
 .bss.pg3_wd    0x00000000200000a2        0x1 ./Core/Src/main.o
                0x00000000200000a2                pg3_wd
 *fill*         0x00000000200000a3        0x1 
 .bss.tt_cnt    0x00000000200000a4        0x4 ./Core/Src/main.o
                0x00000000200000a4                tt_cnt
 .bss.last_ps   0x00000000200000a8        0x1 ./Core/Src/main.o
                0x00000000200000a8                last_ps
 *fill*         0x00000000200000a9        0x3 
 .bss.key_pressed
                0x00000000200000ac        0x1 ./Core/Src/main.o
                0x00000000200000ac                key_pressed
 *fill*         0x00000000200000ad        0x3 
 .bss.interrupt_reg
                0x00000000200000b0        0x1 ./Core/Src/main.o
                0x00000000200000b0                interrupt_reg
 .bss.last_focus
                0x00000000200000b1        0x1 ./Core/Src/main.o
                0x00000000200000b1                last_focus
 *fill*         0x00000000200000b2        0x2 
 .bss.hi2c1     0x00000000200000b4       0x54 ./Core/Src/main.o
                0x00000000200000b4                hi2c1
 .bss.htim6     0x0000000020000108       0x48 ./Core/Src/main.o
                0x0000000020000108                htim6
 .bss.htim14    0x0000000020000150       0x48 ./Core/Src/main.o
                0x0000000020000150                htim14
 .bss.huart1    0x0000000020000198       0x88 ./Core/Src/main.o
                0x0000000020000198                huart1
 .bss.but_state
                0x0000000020000220        0x1 ./Core/Src/main.o
                0x0000000020000220                but_state
 .bss.chk_cmd   0x0000000020000221        0x1 ./Core/Src/main.o
                0x0000000020000221                chk_cmd
 *fill*         0x0000000020000222        0x2 
 .bss._time.0   0x0000000020000224        0x4 ./Core/Src/main.o
 .bss.__sbrk_heap_end
                0x0000000020000228        0x4 ./Core/Src/sysmem.o
 .bss.uwTick    0x000000002000022c        0x4 ./Drivers/STM32F0xx_HAL_Driver/Src/stm32f0xx_hal.o
                0x000000002000022c                uwTick
 .bss.__sf      0x0000000020000230      0x138 C:/ST/STM32CubeIDE_1.10.1/STM32CubeIDE/plugins/com.st.stm32cube.ide.mcu.externaltools.gnu-tools-for-stm32.11.3.rel1.win32_1.1.0.202305231506/tools/bin/../lib/gcc/arm-none-eabi/11.3.1/../../../../arm-none-eabi/lib/thumb/v6-m/nofp\libc_nano.a(libc_a-findfp.o)
                0x0000000020000230                __sf
 .bss.errno     0x0000000020000368        0x4 C:/ST/STM32CubeIDE_1.10.1/STM32CubeIDE/plugins/com.st.stm32cube.ide.mcu.externaltools.gnu-tools-for-stm32.11.3.rel1.win32_1.1.0.202305231506/tools/bin/../lib/gcc/arm-none-eabi/11.3.1/../../../../arm-none-eabi/lib/thumb/v6-m/nofp\libc_nano.a(libc_a-reent.o)
                0x0000000020000368                errno
 .bss.__lock___malloc_recursive_mutex
                0x000000002000036c        0x1 C:/ST/STM32CubeIDE_1.10.1/STM32CubeIDE/plugins/com.st.stm32cube.ide.mcu.externaltools.gnu-tools-for-stm32.11.3.rel1.win32_1.1.0.202305231506/tools/bin/../lib/gcc/arm-none-eabi/11.3.1/../../../../arm-none-eabi/lib/thumb/v6-m/nofp\libc_nano.a(libc_a-lock.o)
                0x000000002000036c                __lock___malloc_recursive_mutex
 *fill*         0x000000002000036d        0x3 
 .bss.__malloc_free_list
                0x0000000020000370        0x4 C:/ST/STM32CubeIDE_1.10.1/STM32CubeIDE/plugins/com.st.stm32cube.ide.mcu.externaltools.gnu-tools-for-stm32.11.3.rel1.win32_1.1.0.202305231506/tools/bin/../lib/gcc/arm-none-eabi/11.3.1/../../../../arm-none-eabi/lib/thumb/v6-m/nofp\libc_nano.a(libc_a-mallocr.o)
                0x0000000020000370                __malloc_free_list
 .bss.__malloc_sbrk_start
                0x0000000020000374        0x4 C:/ST/STM32CubeIDE_1.10.1/STM32CubeIDE/plugins/com.st.stm32cube.ide.mcu.externaltools.gnu-tools-for-stm32.11.3.rel1.win32_1.1.0.202305231506/tools/bin/../lib/gcc/arm-none-eabi/11.3.1/../../../../arm-none-eabi/lib/thumb/v6-m/nofp\libc_nano.a(libc_a-mallocr.o)
                0x0000000020000374                __malloc_sbrk_start
 *(COMMON)
                0x0000000020000378                . = ALIGN (0x4)
                0x0000000020000378                _ebss = .
                0x0000000020000378                __bss_end__ = _ebss

._user_heap_stack
                0x0000000020000378      0x600 load address 0x00000000080065e0
                0x0000000020000378                . = ALIGN (0x8)
                [!provide]                        PROVIDE (end = .)
                0x0000000020000378                PROVIDE (_end = .)
                0x0000000020000578                . = (. + _Min_Heap_Size)
 *fill*         0x0000000020000378      0x200 
                0x0000000020000978                . = (. + _Min_Stack_Size)
 *fill*         0x0000000020000578      0x400 
                0x0000000020000978                . = ALIGN (0x8)

/DISCARD/
 libc.a(*)
 libm.a(*)
 libgcc.a(*)

.ARM.attributes
                0x0000000000000000       0x28
 *(.ARM.attributes)
 .ARM.attributes
                0x0000000000000000       0x1e C:/ST/STM32CubeIDE_1.10.1/STM32CubeIDE/plugins/com.st.stm32cube.ide.mcu.externaltools.gnu-tools-for-stm32.11.3.rel1.win32_1.1.0.202305231506/tools/bin/../lib/gcc/arm-none-eabi/11.3.1/thumb/v6-m/nofp/crti.o
 .ARM.attributes
                0x000000000000001e       0x2c C:/ST/STM32CubeIDE_1.10.1/STM32CubeIDE/plugins/com.st.stm32cube.ide.mcu.externaltools.gnu-tools-for-stm32.11.3.rel1.win32_1.1.0.202305231506/tools/bin/../lib/gcc/arm-none-eabi/11.3.1/thumb/v6-m/nofp/crtbegin.o
 .ARM.attributes
                0x000000000000004a       0x2c ./Core/Src/gesture.o
 .ARM.attributes
                0x0000000000000076       0x2c ./Core/Src/lcd.o
 .ARM.attributes
                0x00000000000000a2       0x2c ./Core/Src/main.o
 .ARM.attributes
                0x00000000000000ce       0x2c ./Core/Src/stm32f0xx_hal_msp.o
 .ARM.attributes
                0x00000000000000fa       0x2c ./Core/Src/stm32f0xx_it.o
 .ARM.attributes
                0x0000000000000126       0x2c ./Core/Src/sysmem.o
 .ARM.attributes
                0x0000000000000152       0x2c ./Core/Src/system_stm32f0xx.o
 .ARM.attributes
                0x000000000000017e       0x21 ./Core/Startup/startup_stm32f030c8tx.o
 .ARM.attributes
                0x000000000000019f       0x2c ./Drivers/STM32F0xx_HAL_Driver/Src/stm32f0xx_hal.o
 .ARM.attributes
                0x00000000000001cb       0x2c ./Drivers/STM32F0xx_HAL_Driver/Src/stm32f0xx_hal_cortex.o
 .ARM.attributes
                0x00000000000001f7       0x2c ./Drivers/STM32F0xx_HAL_Driver/Src/stm32f0xx_hal_gpio.o
 .ARM.attributes
                0x0000000000000223       0x2c ./Drivers/STM32F0xx_HAL_Driver/Src/stm32f0xx_hal_i2c.o
 .ARM.attributes
                0x000000000000024f       0x2c ./Drivers/STM32F0xx_HAL_Driver/Src/stm32f0xx_hal_i2c_ex.o
 .ARM.attributes
                0x000000000000027b       0x2c ./Drivers/STM32F0xx_HAL_Driver/Src/stm32f0xx_hal_rcc.o
 .ARM.attributes
                0x00000000000002a7       0x2c ./Drivers/STM32F0xx_HAL_Driver/Src/stm32f0xx_hal_rcc_ex.o
 .ARM.attributes
                0x00000000000002d3       0x2c ./Drivers/STM32F0xx_HAL_Driver/Src/stm32f0xx_hal_tim.o
 .ARM.attributes
                0x00000000000002ff       0x2c ./Drivers/STM32F0xx_HAL_Driver/Src/stm32f0xx_hal_tim_ex.o
 .ARM.attributes
                0x000000000000032b       0x2c ./Drivers/STM32F0xx_HAL_Driver/Src/stm32f0xx_hal_uart.o
 .ARM.attributes
                0x0000000000000357       0x2c ./Drivers/STM32F0xx_HAL_Driver/Src/stm32f0xx_hal_uart_ex.o
 .ARM.attributes
                0x0000000000000383       0x2c C:/ST/STM32CubeIDE_1.10.1/STM32CubeIDE/plugins/com.st.stm32cube.ide.mcu.externaltools.gnu-tools-for-stm32.11.3.rel1.win32_1.1.0.202305231506/tools/bin/../lib/gcc/arm-none-eabi/11.3.1/../../../../arm-none-eabi/lib/thumb/v6-m/nofp\libc_nano.a(libc_a-findfp.o)
 .ARM.attributes
                0x00000000000003af       0x2c C:/ST/STM32CubeIDE_1.10.1/STM32CubeIDE/plugins/com.st.stm32cube.ide.mcu.externaltools.gnu-tools-for-stm32.11.3.rel1.win32_1.1.0.202305231506/tools/bin/../lib/gcc/arm-none-eabi/11.3.1/../../../../arm-none-eabi/lib/thumb/v6-m/nofp\libc_nano.a(libc_a-sprintf.o)
 .ARM.attributes
                0x00000000000003db       0x2c C:/ST/STM32CubeIDE_1.10.1/STM32CubeIDE/plugins/com.st.stm32cube.ide.mcu.externaltools.gnu-tools-for-stm32.11.3.rel1.win32_1.1.0.202305231506/tools/bin/../lib/gcc/arm-none-eabi/11.3.1/../../../../arm-none-eabi/lib/thumb/v6-m/nofp\libc_nano.a(libc_a-memset.o)
 .ARM.attributes
                0x0000000000000407       0x2c C:/ST/STM32CubeIDE_1.10.1/STM32CubeIDE/plugins/com.st.stm32cube.ide.mcu.externaltools.gnu-tools-for-stm32.11.3.rel1.win32_1.1.0.202305231506/tools/bin/../lib/gcc/arm-none-eabi/11.3.1/../../../../arm-none-eabi/lib/thumb/v6-m/nofp\libc_nano.a(libc_a-reent.o)
 .ARM.attributes
                0x0000000000000433       0x2c C:/ST/STM32CubeIDE_1.10.1/STM32CubeIDE/plugins/com.st.stm32cube.ide.mcu.externaltools.gnu-tools-for-stm32.11.3.rel1.win32_1.1.0.202305231506/tools/bin/../lib/gcc/arm-none-eabi/11.3.1/../../../../arm-none-eabi/lib/thumb/v6-m/nofp\libc_nano.a(libc_a-impure.o)
 .ARM.attributes
                0x000000000000045f       0x2c C:/ST/STM32CubeIDE_1.10.1/STM32CubeIDE/plugins/com.st.stm32cube.ide.mcu.externaltools.gnu-tools-for-stm32.11.3.rel1.win32_1.1.0.202305231506/tools/bin/../lib/gcc/arm-none-eabi/11.3.1/../../../../arm-none-eabi/lib/thumb/v6-m/nofp\libc_nano.a(libc_a-errno.o)
 .ARM.attributes
                0x000000000000048b       0x2c C:/ST/STM32CubeIDE_1.10.1/STM32CubeIDE/plugins/com.st.stm32cube.ide.mcu.externaltools.gnu-tools-for-stm32.11.3.rel1.win32_1.1.0.202305231506/tools/bin/../lib/gcc/arm-none-eabi/11.3.1/../../../../arm-none-eabi/lib/thumb/v6-m/nofp\libc_nano.a(libc_a-init.o)
 .ARM.attributes
                0x00000000000004b7       0x2c C:/ST/STM32CubeIDE_1.10.1/STM32CubeIDE/plugins/com.st.stm32cube.ide.mcu.externaltools.gnu-tools-for-stm32.11.3.rel1.win32_1.1.0.202305231506/tools/bin/../lib/gcc/arm-none-eabi/11.3.1/../../../../arm-none-eabi/lib/thumb/v6-m/nofp\libc_nano.a(libc_a-lock.o)
 .ARM.attributes
                0x00000000000004e3       0x2c C:/ST/STM32CubeIDE_1.10.1/STM32CubeIDE/plugins/com.st.stm32cube.ide.mcu.externaltools.gnu-tools-for-stm32.11.3.rel1.win32_1.1.0.202305231506/tools/bin/../lib/gcc/arm-none-eabi/11.3.1/../../../../arm-none-eabi/lib/thumb/v6-m/nofp\libc_nano.a(libc_a-freer.o)
 .ARM.attributes
                0x000000000000050f       0x2c C:/ST/STM32CubeIDE_1.10.1/STM32CubeIDE/plugins/com.st.stm32cube.ide.mcu.externaltools.gnu-tools-for-stm32.11.3.rel1.win32_1.1.0.202305231506/tools/bin/../lib/gcc/arm-none-eabi/11.3.1/../../../../arm-none-eabi/lib/thumb/v6-m/nofp\libc_nano.a(libc_a-mallocr.o)
 .ARM.attributes
                0x000000000000053b       0x2c C:/ST/STM32CubeIDE_1.10.1/STM32CubeIDE/plugins/com.st.stm32cube.ide.mcu.externaltools.gnu-tools-for-stm32.11.3.rel1.win32_1.1.0.202305231506/tools/bin/../lib/gcc/arm-none-eabi/11.3.1/../../../../arm-none-eabi/lib/thumb/v6-m/nofp\libc_nano.a(libc_a-mlock.o)
 .ARM.attributes
                0x0000000000000567       0x2c C:/ST/STM32CubeIDE_1.10.1/STM32CubeIDE/plugins/com.st.stm32cube.ide.mcu.externaltools.gnu-tools-for-stm32.11.3.rel1.win32_1.1.0.202305231506/tools/bin/../lib/gcc/arm-none-eabi/11.3.1/../../../../arm-none-eabi/lib/thumb/v6-m/nofp\libc_nano.a(libc_a-nano-svfprintf.o)
 .ARM.attributes
                0x0000000000000593       0x2c C:/ST/STM32CubeIDE_1.10.1/STM32CubeIDE/plugins/com.st.stm32cube.ide.mcu.externaltools.gnu-tools-for-stm32.11.3.rel1.win32_1.1.0.202305231506/tools/bin/../lib/gcc/arm-none-eabi/11.3.1/../../../../arm-none-eabi/lib/thumb/v6-m/nofp\libc_nano.a(libc_a-nano-vfprintf_i.o)
 .ARM.attributes
                0x00000000000005bf       0x2c C:/ST/STM32CubeIDE_1.10.1/STM32CubeIDE/plugins/com.st.stm32cube.ide.mcu.externaltools.gnu-tools-for-stm32.11.3.rel1.win32_1.1.0.202305231506/tools/bin/../lib/gcc/arm-none-eabi/11.3.1/../../../../arm-none-eabi/lib/thumb/v6-m/nofp\libc_nano.a(libc_a-memmove.o)
 .ARM.attributes
                0x00000000000005eb       0x2c C:/ST/STM32CubeIDE_1.10.1/STM32CubeIDE/plugins/com.st.stm32cube.ide.mcu.externaltools.gnu-tools-for-stm32.11.3.rel1.win32_1.1.0.202305231506/tools/bin/../lib/gcc/arm-none-eabi/11.3.1/../../../../arm-none-eabi/lib/thumb/v6-m/nofp\libc_nano.a(libc_a-sbrkr.o)
 .ARM.attributes
                0x0000000000000617       0x2c C:/ST/STM32CubeIDE_1.10.1/STM32CubeIDE/plugins/com.st.stm32cube.ide.mcu.externaltools.gnu-tools-for-stm32.11.3.rel1.win32_1.1.0.202305231506/tools/bin/../lib/gcc/arm-none-eabi/11.3.1/../../../../arm-none-eabi/lib/thumb/v6-m/nofp\libc_nano.a(libc_a-memchr-stub.o)
 .ARM.attributes
                0x0000000000000643       0x2c C:/ST/STM32CubeIDE_1.10.1/STM32CubeIDE/plugins/com.st.stm32cube.ide.mcu.externaltools.gnu-tools-for-stm32.11.3.rel1.win32_1.1.0.202305231506/tools/bin/../lib/gcc/arm-none-eabi/11.3.1/../../../../arm-none-eabi/lib/thumb/v6-m/nofp\libc_nano.a(libc_a-memcpy-stub.o)
 .ARM.attributes
                0x000000000000066f       0x2c C:/ST/STM32CubeIDE_1.10.1/STM32CubeIDE/plugins/com.st.stm32cube.ide.mcu.externaltools.gnu-tools-for-stm32.11.3.rel1.win32_1.1.0.202305231506/tools/bin/../lib/gcc/arm-none-eabi/11.3.1/../../../../arm-none-eabi/lib/thumb/v6-m/nofp\libc_nano.a(libc_a-reallocr.o)
 .ARM.attributes
                0x000000000000069b       0x2c C:/ST/STM32CubeIDE_1.10.1/STM32CubeIDE/plugins/com.st.stm32cube.ide.mcu.externaltools.gnu-tools-for-stm32.11.3.rel1.win32_1.1.0.202305231506/tools/bin/../lib/gcc/arm-none-eabi/11.3.1/../../../../arm-none-eabi/lib/thumb/v6-m/nofp\libc_nano.a(libc_a-msizer.o)
 .ARM.attributes
                0x00000000000006c7       0x1e C:/ST/STM32CubeIDE_1.10.1/STM32CubeIDE/plugins/com.st.stm32cube.ide.mcu.externaltools.gnu-tools-for-stm32.11.3.rel1.win32_1.1.0.202305231506/tools/bin/../lib/gcc/arm-none-eabi/11.3.1/thumb/v6-m/nofp\libgcc.a(_thumb1_case_shi.o)
 .ARM.attributes
                0x00000000000006e5       0x1e C:/ST/STM32CubeIDE_1.10.1/STM32CubeIDE/plugins/com.st.stm32cube.ide.mcu.externaltools.gnu-tools-for-stm32.11.3.rel1.win32_1.1.0.202305231506/tools/bin/../lib/gcc/arm-none-eabi/11.3.1/thumb/v6-m/nofp\libgcc.a(_udivsi3.o)
 .ARM.attributes
                0x0000000000000703       0x1e C:/ST/STM32CubeIDE_1.10.1/STM32CubeIDE/plugins/com.st.stm32cube.ide.mcu.externaltools.gnu-tools-for-stm32.11.3.rel1.win32_1.1.0.202305231506/tools/bin/../lib/gcc/arm-none-eabi/11.3.1/thumb/v6-m/nofp\libgcc.a(_dvmd_tls.o)
 .ARM.attributes
                0x0000000000000721       0x1e C:/ST/STM32CubeIDE_1.10.1/STM32CubeIDE/plugins/com.st.stm32cube.ide.mcu.externaltools.gnu-tools-for-stm32.11.3.rel1.win32_1.1.0.202305231506/tools/bin/../lib/gcc/arm-none-eabi/11.3.1/thumb/v6-m/nofp/crtn.o
OUTPUT(ot_new.elf elf32-littlearm)
LOAD linker stubs
LOAD C:/ST/STM32CubeIDE_1.10.1/STM32CubeIDE/plugins/com.st.stm32cube.ide.mcu.externaltools.gnu-tools-for-stm32.11.3.rel1.win32_1.1.0.202305231506/tools/bin/../lib/gcc/arm-none-eabi/11.3.1/../../../../arm-none-eabi/lib/thumb/v6-m/nofp\libc.a
LOAD C:/ST/STM32CubeIDE_1.10.1/STM32CubeIDE/plugins/com.st.stm32cube.ide.mcu.externaltools.gnu-tools-for-stm32.11.3.rel1.win32_1.1.0.202305231506/tools/bin/../lib/gcc/arm-none-eabi/11.3.1/../../../../arm-none-eabi/lib/thumb/v6-m/nofp\libm.a
LOAD C:/ST/STM32CubeIDE_1.10.1/STM32CubeIDE/plugins/com.st.stm32cube.ide.mcu.externaltools.gnu-tools-for-stm32.11.3.rel1.win32_1.1.0.202305231506/tools/bin/../lib/gcc/arm-none-eabi/11.3.1/thumb/v6-m/nofp\libgcc.a

.comment        0x0000000000000000       0x43
 .comment       0x0000000000000000       0x43 C:/ST/STM32CubeIDE_1.10.1/STM32CubeIDE/plugins/com.st.stm32cube.ide.mcu.externaltools.gnu-tools-for-stm32.11.3.rel1.win32_1.1.0.202305231506/tools/bin/../lib/gcc/arm-none-eabi/11.3.1/thumb/v6-m/nofp/crtbegin.o
                                         0x44 (size before relaxing)
 .comment       0x0000000000000043       0x44 ./Core/Src/gesture.o
 .comment       0x0000000000000043       0x44 ./Core/Src/lcd.o
 .comment       0x0000000000000043       0x44 ./Core/Src/main.o
 .comment       0x0000000000000043       0x44 ./Core/Src/stm32f0xx_hal_msp.o
 .comment       0x0000000000000043       0x44 ./Core/Src/stm32f0xx_it.o
 .comment       0x0000000000000043       0x44 ./Core/Src/sysmem.o
 .comment       0x0000000000000043       0x44 ./Core/Src/system_stm32f0xx.o
 .comment       0x0000000000000043       0x44 ./Drivers/STM32F0xx_HAL_Driver/Src/stm32f0xx_hal.o
 .comment       0x0000000000000043       0x44 ./Drivers/STM32F0xx_HAL_Driver/Src/stm32f0xx_hal_cortex.o
 .comment       0x0000000000000043       0x44 ./Drivers/STM32F0xx_HAL_Driver/Src/stm32f0xx_hal_gpio.o
 .comment       0x0000000000000043       0x44 ./Drivers/STM32F0xx_HAL_Driver/Src/stm32f0xx_hal_i2c.o
 .comment       0x0000000000000043       0x44 ./Drivers/STM32F0xx_HAL_Driver/Src/stm32f0xx_hal_i2c_ex.o
 .comment       0x0000000000000043       0x44 ./Drivers/STM32F0xx_HAL_Driver/Src/stm32f0xx_hal_rcc.o
 .comment       0x0000000000000043       0x44 ./Drivers/STM32F0xx_HAL_Driver/Src/stm32f0xx_hal_rcc_ex.o
 .comment       0x0000000000000043       0x44 ./Drivers/STM32F0xx_HAL_Driver/Src/stm32f0xx_hal_tim.o
 .comment       0x0000000000000043       0x44 ./Drivers/STM32F0xx_HAL_Driver/Src/stm32f0xx_hal_tim_ex.o
 .comment       0x0000000000000043       0x44 ./Drivers/STM32F0xx_HAL_Driver/Src/stm32f0xx_hal_uart.o
 .comment       0x0000000000000043       0x44 ./Drivers/STM32F0xx_HAL_Driver/Src/stm32f0xx_hal_uart_ex.o

.debug_info     0x0000000000000000    0x112c2
 .debug_info    0x0000000000000000      0xe71 ./Core/Src/gesture.o
 .debug_info    0x0000000000000e71      0x514 ./Core/Src/lcd.o
 .debug_info    0x0000000000001385     0x1ad6 ./Core/Src/main.o
 .debug_info    0x0000000000002e5b     0x1160 ./Core/Src/stm32f0xx_hal_msp.o
 .debug_info    0x0000000000003fbb      0x6a2 ./Core/Src/stm32f0xx_it.o
 .debug_info    0x000000000000465d      0x168 ./Core/Src/sysmem.o
 .debug_info    0x00000000000047c5      0x242 ./Core/Src/system_stm32f0xx.o
 .debug_info    0x0000000000004a07       0x23 ./Core/Startup/startup_stm32f030c8tx.o
 .debug_info    0x0000000000004a2a      0x670 ./Drivers/STM32F0xx_HAL_Driver/Src/stm32f0xx_hal.o
 .debug_info    0x000000000000509a      0x69b ./Drivers/STM32F0xx_HAL_Driver/Src/stm32f0xx_hal_cortex.o
 .debug_info    0x0000000000005735      0x5c3 ./Drivers/STM32F0xx_HAL_Driver/Src/stm32f0xx_hal_gpio.o
 .debug_info    0x0000000000005cf8     0x2052 ./Drivers/STM32F0xx_HAL_Driver/Src/stm32f0xx_hal_i2c.o
 .debug_info    0x0000000000007d4a      0x7ea ./Drivers/STM32F0xx_HAL_Driver/Src/stm32f0xx_hal_i2c_ex.o
 .debug_info    0x0000000000008534      0x844 ./Drivers/STM32F0xx_HAL_Driver/Src/stm32f0xx_hal_rcc.o
 .debug_info    0x0000000000008d78      0x35d ./Drivers/STM32F0xx_HAL_Driver/Src/stm32f0xx_hal_rcc_ex.o
 .debug_info    0x00000000000090d5     0x2928 ./Drivers/STM32F0xx_HAL_Driver/Src/stm32f0xx_hal_tim.o
 .debug_info    0x000000000000b9fd     0x1488 ./Drivers/STM32F0xx_HAL_Driver/Src/stm32f0xx_hal_tim_ex.o
 .debug_info    0x000000000000ce85     0x3a2a ./Drivers/STM32F0xx_HAL_Driver/Src/stm32f0xx_hal_uart.o
 .debug_info    0x00000000000108af      0xa13 ./Drivers/STM32F0xx_HAL_Driver/Src/stm32f0xx_hal_uart_ex.o

.debug_abbrev   0x0000000000000000     0x2825
 .debug_abbrev  0x0000000000000000      0x2b6 ./Core/Src/gesture.o
 .debug_abbrev  0x00000000000002b6      0x22a ./Core/Src/lcd.o
 .debug_abbrev  0x00000000000004e0      0x453 ./Core/Src/main.o
 .debug_abbrev  0x0000000000000933      0x215 ./Core/Src/stm32f0xx_hal_msp.o
 .debug_abbrev  0x0000000000000b48      0x1a8 ./Core/Src/stm32f0xx_it.o
 .debug_abbrev  0x0000000000000cf0       0xbc ./Core/Src/sysmem.o
 .debug_abbrev  0x0000000000000dac      0x11c ./Core/Src/system_stm32f0xx.o
 .debug_abbrev  0x0000000000000ec8       0x12 ./Core/Startup/startup_stm32f030c8tx.o
 .debug_abbrev  0x0000000000000eda      0x24b ./Drivers/STM32F0xx_HAL_Driver/Src/stm32f0xx_hal.o
 .debug_abbrev  0x0000000000001125      0x28c ./Drivers/STM32F0xx_HAL_Driver/Src/stm32f0xx_hal_cortex.o
 .debug_abbrev  0x00000000000013b1      0x1c8 ./Drivers/STM32F0xx_HAL_Driver/Src/stm32f0xx_hal_gpio.o
 .debug_abbrev  0x0000000000001579      0x270 ./Drivers/STM32F0xx_HAL_Driver/Src/stm32f0xx_hal_i2c.o
 .debug_abbrev  0x00000000000017e9      0x1d4 ./Drivers/STM32F0xx_HAL_Driver/Src/stm32f0xx_hal_i2c_ex.o
 .debug_abbrev  0x00000000000019bd      0x28b ./Drivers/STM32F0xx_HAL_Driver/Src/stm32f0xx_hal_rcc.o
 .debug_abbrev  0x0000000000001c48      0x16f ./Drivers/STM32F0xx_HAL_Driver/Src/stm32f0xx_hal_rcc_ex.o
 .debug_abbrev  0x0000000000001db7      0x28c ./Drivers/STM32F0xx_HAL_Driver/Src/stm32f0xx_hal_tim.o
 .debug_abbrev  0x0000000000002043      0x297 ./Drivers/STM32F0xx_HAL_Driver/Src/stm32f0xx_hal_tim_ex.o
 .debug_abbrev  0x00000000000022da      0x2cc ./Drivers/STM32F0xx_HAL_Driver/Src/stm32f0xx_hal_uart.o
 .debug_abbrev  0x00000000000025a6      0x27f ./Drivers/STM32F0xx_HAL_Driver/Src/stm32f0xx_hal_uart_ex.o

.debug_aranges  0x0000000000000000      0xfc8
 .debug_aranges
                0x0000000000000000       0x60 ./Core/Src/gesture.o
 .debug_aranges
                0x0000000000000060       0x78 ./Core/Src/lcd.o
 .debug_aranges
                0x00000000000000d8       0xd0 ./Core/Src/main.o
 .debug_aranges
                0x00000000000001a8       0x50 ./Core/Src/stm32f0xx_hal_msp.o
 .debug_aranges
                0x00000000000001f8       0x58 ./Core/Src/stm32f0xx_it.o
 .debug_aranges
                0x0000000000000250       0x20 ./Core/Src/sysmem.o
 .debug_aranges
                0x0000000000000270       0x28 ./Core/Src/system_stm32f0xx.o
 .debug_aranges
                0x0000000000000298       0x28 ./Core/Startup/startup_stm32f030c8tx.o
 .debug_aranges
                0x00000000000002c0       0xd0 ./Drivers/STM32F0xx_HAL_Driver/Src/stm32f0xx_hal.o
 .debug_aranges
                0x0000000000000390       0xc0 ./Drivers/STM32F0xx_HAL_Driver/Src/stm32f0xx_hal_cortex.o
 .debug_aranges
                0x0000000000000450       0x58 ./Drivers/STM32F0xx_HAL_Driver/Src/stm32f0xx_hal_gpio.o
 .debug_aranges
                0x00000000000004a8      0x2a0 ./Drivers/STM32F0xx_HAL_Driver/Src/stm32f0xx_hal_i2c.o
 .debug_aranges
                0x0000000000000748       0x38 ./Drivers/STM32F0xx_HAL_Driver/Src/stm32f0xx_hal_i2c_ex.o
 .debug_aranges
                0x0000000000000780       0x80 ./Drivers/STM32F0xx_HAL_Driver/Src/stm32f0xx_hal_rcc.o
 .debug_aranges
                0x0000000000000800       0x30 ./Drivers/STM32F0xx_HAL_Driver/Src/stm32f0xx_hal_rcc_ex.o
 .debug_aranges
                0x0000000000000830      0x3d0 ./Drivers/STM32F0xx_HAL_Driver/Src/stm32f0xx_hal_tim.o
 .debug_aranges
                0x0000000000000c00      0x168 ./Drivers/STM32F0xx_HAL_Driver/Src/stm32f0xx_hal_tim_ex.o
 .debug_aranges
                0x0000000000000d68      0x218 ./Drivers/STM32F0xx_HAL_Driver/Src/stm32f0xx_hal_uart.o
 .debug_aranges
                0x0000000000000f80       0x48 ./Drivers/STM32F0xx_HAL_Driver/Src/stm32f0xx_hal_uart_ex.o

.debug_rnglists
                0x0000000000000000      0xc7b
 .debug_rnglists
                0x0000000000000000       0x46 ./Core/Src/gesture.o
 .debug_rnglists
                0x0000000000000046       0x5c ./Core/Src/lcd.o
 .debug_rnglists
                0x00000000000000a2       0xa4 ./Core/Src/main.o
 .debug_rnglists
                0x0000000000000146       0x3a ./Core/Src/stm32f0xx_hal_msp.o
 .debug_rnglists
                0x0000000000000180       0x3d ./Core/Src/stm32f0xx_it.o
 .debug_rnglists
                0x00000000000001bd       0x13 ./Core/Src/sysmem.o
 .debug_rnglists
                0x00000000000001d0       0x1a ./Core/Src/system_stm32f0xx.o
 .debug_rnglists
                0x00000000000001ea       0x19 ./Core/Startup/startup_stm32f030c8tx.o
 .debug_rnglists
                0x0000000000000203       0x97 ./Drivers/STM32F0xx_HAL_Driver/Src/stm32f0xx_hal.o
 .debug_rnglists
                0x000000000000029a       0x8c ./Drivers/STM32F0xx_HAL_Driver/Src/stm32f0xx_hal_cortex.o
 .debug_rnglists
                0x0000000000000326       0x3f ./Drivers/STM32F0xx_HAL_Driver/Src/stm32f0xx_hal_gpio.o
 .debug_rnglists
                0x0000000000000365      0x229 ./Drivers/STM32F0xx_HAL_Driver/Src/stm32f0xx_hal_i2c.o
 .debug_rnglists
                0x000000000000058e       0x27 ./Drivers/STM32F0xx_HAL_Driver/Src/stm32f0xx_hal_i2c_ex.o
 .debug_rnglists
                0x00000000000005b5       0x60 ./Drivers/STM32F0xx_HAL_Driver/Src/stm32f0xx_hal_rcc.o
 .debug_rnglists
                0x0000000000000615       0x21 ./Drivers/STM32F0xx_HAL_Driver/Src/stm32f0xx_hal_rcc_ex.o
 .debug_rnglists
                0x0000000000000636      0x31c ./Drivers/STM32F0xx_HAL_Driver/Src/stm32f0xx_hal_tim.o
 .debug_rnglists
                0x0000000000000952      0x126 ./Drivers/STM32F0xx_HAL_Driver/Src/stm32f0xx_hal_tim_ex.o
 .debug_rnglists
                0x0000000000000a78      0x1ce ./Drivers/STM32F0xx_HAL_Driver/Src/stm32f0xx_hal_uart.o
 .debug_rnglists
                0x0000000000000c46       0x35 ./Drivers/STM32F0xx_HAL_Driver/Src/stm32f0xx_hal_uart_ex.o

.debug_macro    0x0000000000000000    0x1145c
 .debug_macro   0x0000000000000000      0x1ca ./Core/Src/gesture.o
 .debug_macro   0x00000000000001ca      0xa7e ./Core/Src/gesture.o
 .debug_macro   0x0000000000000c48      0x133 ./Core/Src/gesture.o
 .debug_macro   0x0000000000000d7b       0x2e ./Core/Src/gesture.o
 .debug_macro   0x0000000000000da9       0x22 ./Core/Src/gesture.o
 .debug_macro   0x0000000000000dcb       0x22 ./Core/Src/gesture.o
 .debug_macro   0x0000000000000ded       0x8e ./Core/Src/gesture.o
 .debug_macro   0x0000000000000e7b       0x51 ./Core/Src/gesture.o
 .debug_macro   0x0000000000000ecc      0x103 ./Core/Src/gesture.o
 .debug_macro   0x0000000000000fcf       0x6a ./Core/Src/gesture.o
 .debug_macro   0x0000000000001039      0x1df ./Core/Src/gesture.o
 .debug_macro   0x0000000000001218       0x1c ./Core/Src/gesture.o
 .debug_macro   0x0000000000001234       0x22 ./Core/Src/gesture.o
 .debug_macro   0x0000000000001256       0xaf ./Core/Src/gesture.o
 .debug_macro   0x0000000000001305      0x391 ./Core/Src/gesture.o
 .debug_macro   0x0000000000001696     0x6f47 ./Core/Src/gesture.o
 .debug_macro   0x00000000000085dd       0x66 ./Core/Src/gesture.o
 .debug_macro   0x0000000000008643     0x34be ./Core/Src/gesture.o
 .debug_macro   0x000000000000bb01      0x174 ./Core/Src/gesture.o
 .debug_macro   0x000000000000bc75       0x55 ./Core/Src/gesture.o
 .debug_macro   0x000000000000bcca      0x924 ./Core/Src/gesture.o
 .debug_macro   0x000000000000c5ee      0x17f ./Core/Src/gesture.o
 .debug_macro   0x000000000000c76d      0x1ae ./Core/Src/gesture.o
 .debug_macro   0x000000000000c91b       0xd8 ./Core/Src/gesture.o
 .debug_macro   0x000000000000c9f3      0x1a0 ./Core/Src/gesture.o
 .debug_macro   0x000000000000cb93      0x1ed ./Core/Src/gesture.o
 .debug_macro   0x000000000000cd80       0x34 ./Core/Src/gesture.o
 .debug_macro   0x000000000000cdb4       0x43 ./Core/Src/gesture.o
 .debug_macro   0x000000000000cdf7       0x28 ./Core/Src/gesture.o
 .debug_macro   0x000000000000ce1f       0xb0 ./Core/Src/gesture.o
 .debug_macro   0x000000000000cecf      0x199 ./Core/Src/gesture.o
 .debug_macro   0x000000000000d068      0x22c ./Core/Src/gesture.o
 .debug_macro   0x000000000000d294       0x61 ./Core/Src/gesture.o
 .debug_macro   0x000000000000d2f5       0xa5 ./Core/Src/gesture.o
 .debug_macro   0x000000000000d39a       0x4c ./Core/Src/gesture.o
 .debug_macro   0x000000000000d3e6       0x2b ./Core/Src/gesture.o
 .debug_macro   0x000000000000d411      0x8f4 ./Core/Src/gesture.o
 .debug_macro   0x000000000000dd05       0x28 ./Core/Src/gesture.o
 .debug_macro   0x000000000000dd2d      0x56d ./Core/Src/gesture.o
 .debug_macro   0x000000000000e29a       0x3e ./Core/Src/gesture.o
 .debug_macro   0x000000000000e2d8       0xff ./Core/Src/gesture.o
 .debug_macro   0x000000000000e3d7      0x321 ./Core/Src/gesture.o
 .debug_macro   0x000000000000e6f8      0x2a8 ./Core/Src/lcd.o
 .debug_macro   0x000000000000e9a0       0x61 ./Core/Src/lcd.o
 .debug_macro   0x000000000000ea01       0x24 ./Core/Src/lcd.o
 .debug_macro   0x000000000000ea25       0x43 ./Core/Src/lcd.o
 .debug_macro   0x000000000000ea68       0x34 ./Core/Src/lcd.o
 .debug_macro   0x000000000000ea9c       0x16 ./Core/Src/lcd.o
 .debug_macro   0x000000000000eab2       0x35 ./Core/Src/lcd.o
 .debug_macro   0x000000000000eae7      0x369 ./Core/Src/lcd.o
 .debug_macro   0x000000000000ee50       0x10 ./Core/Src/lcd.o
 .debug_macro   0x000000000000ee60       0x16 ./Core/Src/lcd.o
 .debug_macro   0x000000000000ee76       0x43 ./Core/Src/lcd.o
 .debug_macro   0x000000000000eeb9       0x34 ./Core/Src/lcd.o
 .debug_macro   0x000000000000eeed       0x10 ./Core/Src/lcd.o
 .debug_macro   0x000000000000eefd       0x58 ./Core/Src/lcd.o
 .debug_macro   0x000000000000ef55       0x8e ./Core/Src/lcd.o
 .debug_macro   0x000000000000efe3       0x1c ./Core/Src/lcd.o
 .debug_macro   0x000000000000efff      0x177 ./Core/Src/lcd.o
 .debug_macro   0x000000000000f176       0x16 ./Core/Src/lcd.o
 .debug_macro   0x000000000000f18c       0x16 ./Core/Src/lcd.o
 .debug_macro   0x000000000000f1a2      0x147 ./Core/Src/lcd.o
 .debug_macro   0x000000000000f2e9       0x70 ./Core/Src/lcd.o
 .debug_macro   0x000000000000f359      0x2bd ./Core/Src/main.o
 .debug_macro   0x000000000000f616      0x10c ./Core/Src/main.o
 .debug_macro   0x000000000000f722       0x22 ./Core/Src/main.o
 .debug_macro   0x000000000000f744      0x1d0 ./Core/Src/stm32f0xx_hal_msp.o
 .debug_macro   0x000000000000f914      0x1da ./Core/Src/stm32f0xx_it.o
 .debug_macro   0x000000000000faee       0xff ./Core/Src/sysmem.o
 .debug_macro   0x000000000000fbed      0x23c ./Core/Src/sysmem.o
 .debug_macro   0x000000000000fe29      0x1c1 ./Core/Src/system_stm32f0xx.o
 .debug_macro   0x000000000000ffea      0x1e5 ./Drivers/STM32F0xx_HAL_Driver/Src/stm32f0xx_hal.o
 .debug_macro   0x00000000000101cf      0x1c1 ./Drivers/STM32F0xx_HAL_Driver/Src/stm32f0xx_hal_cortex.o
 .debug_macro   0x0000000000010390      0x1c8 ./Drivers/STM32F0xx_HAL_Driver/Src/stm32f0xx_hal_gpio.o
 .debug_macro   0x0000000000010558      0x28d ./Drivers/STM32F0xx_HAL_Driver/Src/stm32f0xx_hal_i2c.o
 .debug_macro   0x00000000000107e5      0x1c1 ./Drivers/STM32F0xx_HAL_Driver/Src/stm32f0xx_hal_i2c_ex.o
 .debug_macro   0x00000000000109a6      0x1d3 ./Drivers/STM32F0xx_HAL_Driver/Src/stm32f0xx_hal_rcc.o
 .debug_macro   0x0000000000010b79      0x1c1 ./Drivers/STM32F0xx_HAL_Driver/Src/stm32f0xx_hal_rcc_ex.o
 .debug_macro   0x0000000000010d3a      0x1c2 ./Drivers/STM32F0xx_HAL_Driver/Src/stm32f0xx_hal_tim.o
 .debug_macro   0x0000000000010efc      0x1c1 ./Drivers/STM32F0xx_HAL_Driver/Src/stm32f0xx_hal_tim_ex.o
 .debug_macro   0x00000000000110bd      0x1de ./Drivers/STM32F0xx_HAL_Driver/Src/stm32f0xx_hal_uart.o
 .debug_macro   0x000000000001129b      0x1c1 ./Drivers/STM32F0xx_HAL_Driver/Src/stm32f0xx_hal_uart_ex.o

.debug_line     0x0000000000000000    0x144ad
 .debug_line    0x0000000000000000      0x9fa ./Core/Src/gesture.o
 .debug_line    0x00000000000009fa      0xb27 ./Core/Src/lcd.o
 .debug_line    0x0000000000001521     0x1374 ./Core/Src/main.o
 .debug_line    0x0000000000002895      0x86e ./Core/Src/stm32f0xx_hal_msp.o
 .debug_line    0x0000000000003103      0x814 ./Core/Src/stm32f0xx_it.o
 .debug_line    0x0000000000003917      0x579 ./Core/Src/sysmem.o
 .debug_line    0x0000000000003e90      0x7d2 ./Core/Src/system_stm32f0xx.o
 .debug_line    0x0000000000004662       0x7b ./Core/Startup/startup_stm32f030c8tx.o
 .debug_line    0x00000000000046dd      0x9dd ./Drivers/STM32F0xx_HAL_Driver/Src/stm32f0xx_hal.o
 .debug_line    0x00000000000050ba      0xa89 ./Drivers/STM32F0xx_HAL_Driver/Src/stm32f0xx_hal_cortex.o
 .debug_line    0x0000000000005b43      0xb58 ./Drivers/STM32F0xx_HAL_Driver/Src/stm32f0xx_hal_gpio.o
 .debug_line    0x000000000000669b     0x37f3 ./Drivers/STM32F0xx_HAL_Driver/Src/stm32f0xx_hal_i2c.o
 .debug_line    0x0000000000009e8e      0x89e ./Drivers/STM32F0xx_HAL_Driver/Src/stm32f0xx_hal_i2c_ex.o
 .debug_line    0x000000000000a72c      0xdc2 ./Drivers/STM32F0xx_HAL_Driver/Src/stm32f0xx_hal_rcc.o
 .debug_line    0x000000000000b4ee      0x939 ./Drivers/STM32F0xx_HAL_Driver/Src/stm32f0xx_hal_rcc_ex.o
 .debug_line    0x000000000000be27     0x3736 ./Drivers/STM32F0xx_HAL_Driver/Src/stm32f0xx_hal_tim.o
 .debug_line    0x000000000000f55d     0x1958 ./Drivers/STM32F0xx_HAL_Driver/Src/stm32f0xx_hal_tim_ex.o
 .debug_line    0x0000000000010eb5     0x2bac ./Drivers/STM32F0xx_HAL_Driver/Src/stm32f0xx_hal_uart.o
 .debug_line    0x0000000000013a61      0xa4c ./Drivers/STM32F0xx_HAL_Driver/Src/stm32f0xx_hal_uart_ex.o

.debug_str      0x0000000000000000    0x67610
 .debug_str     0x0000000000000000    0x5f32e ./Core/Src/gesture.o
                                      0x5f690 (size before relaxing)
 .debug_str     0x000000000005f32e     0x39cc ./Core/Src/lcd.o
                                      0x61e63 (size before relaxing)
 .debug_str     0x0000000000062cfa      0xe62 ./Core/Src/main.o
                                      0x632bc (size before relaxing)
 .debug_str     0x0000000000063b5c       0xd1 ./Core/Src/stm32f0xx_hal_msp.o
                                      0x5f4d8 (size before relaxing)
 .debug_str     0x0000000000063c2d       0xd3 ./Core/Src/stm32f0xx_it.o
                                      0x5ed41 (size before relaxing)
 .debug_str     0x0000000000063d00      0x4dc ./Core/Src/sysmem.o
                                       0x5f7c (size before relaxing)
 .debug_str     0x00000000000641dc       0x8b ./Core/Src/system_stm32f0xx.o
                                      0x5e4a0 (size before relaxing)
 .debug_str     0x0000000000064267       0x34 ./Core/Startup/startup_stm32f030c8tx.o
                                         0x96 (size before relaxing)
 .debug_str     0x000000000006429b      0x36e ./Drivers/STM32F0xx_HAL_Driver/Src/stm32f0xx_hal.o
                                      0x5ea34 (size before relaxing)
 .debug_str     0x0000000000064609      0x18d ./Drivers/STM32F0xx_HAL_Driver/Src/stm32f0xx_hal_cortex.o
                                      0x5e825 (size before relaxing)
 .debug_str     0x0000000000064796       0xc0 ./Drivers/STM32F0xx_HAL_Driver/Src/stm32f0xx_hal_gpio.o
                                      0x5e641 (size before relaxing)
 .debug_str     0x0000000000064856      0xe38 ./Drivers/STM32F0xx_HAL_Driver/Src/stm32f0xx_hal_i2c.o
                                      0x5f801 (size before relaxing)
 .debug_str     0x000000000006568e       0x89 ./Drivers/STM32F0xx_HAL_Driver/Src/stm32f0xx_hal_i2c_ex.o
                                      0x5e9f9 (size before relaxing)
 .debug_str     0x0000000000065717      0x20f ./Drivers/STM32F0xx_HAL_Driver/Src/stm32f0xx_hal_rcc.o
                                      0x5e8dc (size before relaxing)
 .debug_str     0x0000000000065926       0x97 ./Drivers/STM32F0xx_HAL_Driver/Src/stm32f0xx_hal_rcc_ex.o
                                      0x5e5e9 (size before relaxing)
 .debug_str     0x00000000000659bd      0xe00 ./Drivers/STM32F0xx_HAL_Driver/Src/stm32f0xx_hal_tim.o
                                      0x5f8a6 (size before relaxing)
 .debug_str     0x00000000000667bd      0x503 ./Drivers/STM32F0xx_HAL_Driver/Src/stm32f0xx_hal_tim_ex.o
                                      0x5f0c2 (size before relaxing)
 .debug_str     0x0000000000066cc0      0x84f ./Drivers/STM32F0xx_HAL_Driver/Src/stm32f0xx_hal_uart.o
                                      0x5f1b9 (size before relaxing)
 .debug_str     0x000000000006750f      0x101 ./Drivers/STM32F0xx_HAL_Driver/Src/stm32f0xx_hal_uart_ex.o
                                      0x5ea40 (size before relaxing)

.debug_frame    0x0000000000000000     0x3dc4
 .debug_frame   0x0000000000000000      0x138 ./Core/Src/gesture.o
 .debug_frame   0x0000000000000138      0x180 ./Core/Src/lcd.o
 .debug_frame   0x00000000000002b8      0x2bc ./Core/Src/main.o
 .debug_frame   0x0000000000000574       0xf0 ./Core/Src/stm32f0xx_hal_msp.o
 .debug_frame   0x0000000000000664       0xf0 ./Core/Src/stm32f0xx_it.o
 .debug_frame   0x0000000000000754       0x30 ./Core/Src/sysmem.o
 .debug_frame   0x0000000000000784       0x4c ./Core/Src/system_stm32f0xx.o
 .debug_frame   0x00000000000007d0      0x2a4 ./Drivers/STM32F0xx_HAL_Driver/Src/stm32f0xx_hal.o
 .debug_frame   0x0000000000000a74      0x2a0 ./Drivers/STM32F0xx_HAL_Driver/Src/stm32f0xx_hal_cortex.o
 .debug_frame   0x0000000000000d14      0x110 ./Drivers/STM32F0xx_HAL_Driver/Src/stm32f0xx_hal_gpio.o
 .debug_frame   0x0000000000000e24      0xa64 ./Drivers/STM32F0xx_HAL_Driver/Src/stm32f0xx_hal_i2c.o
 .debug_frame   0x0000000000001888       0x90 ./Drivers/STM32F0xx_HAL_Driver/Src/stm32f0xx_hal_i2c_ex.o
 .debug_frame   0x0000000000001918      0x198 ./Drivers/STM32F0xx_HAL_Driver/Src/stm32f0xx_hal_rcc.o
 .debug_frame   0x0000000000001ab0       0x70 ./Drivers/STM32F0xx_HAL_Driver/Src/stm32f0xx_hal_rcc_ex.o
 .debug_frame   0x0000000000001b20      0xf00 ./Drivers/STM32F0xx_HAL_Driver/Src/stm32f0xx_hal_tim.o
 .debug_frame   0x0000000000002a20      0x560 ./Drivers/STM32F0xx_HAL_Driver/Src/stm32f0xx_hal_tim_ex.o
 .debug_frame   0x0000000000002f80      0x810 ./Drivers/STM32F0xx_HAL_Driver/Src/stm32f0xx_hal_uart.o
 .debug_frame   0x0000000000003790       0xd8 ./Drivers/STM32F0xx_HAL_Driver/Src/stm32f0xx_hal_uart_ex.o
 .debug_frame   0x0000000000003868      0x138 C:/ST/STM32CubeIDE_1.10.1/STM32CubeIDE/plugins/com.st.stm32cube.ide.mcu.externaltools.gnu-tools-for-stm32.11.3.rel1.win32_1.1.0.202305231506/tools/bin/../lib/gcc/arm-none-eabi/11.3.1/../../../../arm-none-eabi/lib/thumb/v6-m/nofp\libc_nano.a(libc_a-findfp.o)
 .debug_frame   0x00000000000039a0       0x48 C:/ST/STM32CubeIDE_1.10.1/STM32CubeIDE/plugins/com.st.stm32cube.ide.mcu.externaltools.gnu-tools-for-stm32.11.3.rel1.win32_1.1.0.202305231506/tools/bin/../lib/gcc/arm-none-eabi/11.3.1/../../../../arm-none-eabi/lib/thumb/v6-m/nofp\libc_nano.a(libc_a-sprintf.o)
 .debug_frame   0x00000000000039e8       0x20 C:/ST/STM32CubeIDE_1.10.1/STM32CubeIDE/plugins/com.st.stm32cube.ide.mcu.externaltools.gnu-tools-for-stm32.11.3.rel1.win32_1.1.0.202305231506/tools/bin/../lib/gcc/arm-none-eabi/11.3.1/../../../../arm-none-eabi/lib/thumb/v6-m/nofp\libc_nano.a(libc_a-memset.o)
 .debug_frame   0x0000000000003a08       0x2c C:/ST/STM32CubeIDE_1.10.1/STM32CubeIDE/plugins/com.st.stm32cube.ide.mcu.externaltools.gnu-tools-for-stm32.11.3.rel1.win32_1.1.0.202305231506/tools/bin/../lib/gcc/arm-none-eabi/11.3.1/../../../../arm-none-eabi/lib/thumb/v6-m/nofp\libc_nano.a(libc_a-reent.o)
 .debug_frame   0x0000000000003a34       0x20 C:/ST/STM32CubeIDE_1.10.1/STM32CubeIDE/plugins/com.st.stm32cube.ide.mcu.externaltools.gnu-tools-for-stm32.11.3.rel1.win32_1.1.0.202305231506/tools/bin/../lib/gcc/arm-none-eabi/11.3.1/../../../../arm-none-eabi/lib/thumb/v6-m/nofp\libc_nano.a(libc_a-errno.o)
 .debug_frame   0x0000000000003a54       0x2c C:/ST/STM32CubeIDE_1.10.1/STM32CubeIDE/plugins/com.st.stm32cube.ide.mcu.externaltools.gnu-tools-for-stm32.11.3.rel1.win32_1.1.0.202305231506/tools/bin/../lib/gcc/arm-none-eabi/11.3.1/../../../../arm-none-eabi/lib/thumb/v6-m/nofp\libc_nano.a(libc_a-init.o)
 .debug_frame   0x0000000000003a80       0xb0 C:/ST/STM32CubeIDE_1.10.1/STM32CubeIDE/plugins/com.st.stm32cube.ide.mcu.externaltools.gnu-tools-for-stm32.11.3.rel1.win32_1.1.0.202305231506/tools/bin/../lib/gcc/arm-none-eabi/11.3.1/../../../../arm-none-eabi/lib/thumb/v6-m/nofp\libc_nano.a(libc_a-lock.o)
 .debug_frame   0x0000000000003b30       0x2c C:/ST/STM32CubeIDE_1.10.1/STM32CubeIDE/plugins/com.st.stm32cube.ide.mcu.externaltools.gnu-tools-for-stm32.11.3.rel1.win32_1.1.0.202305231506/tools/bin/../lib/gcc/arm-none-eabi/11.3.1/../../../../arm-none-eabi/lib/thumb/v6-m/nofp\libc_nano.a(libc_a-freer.o)
 .debug_frame   0x0000000000003b5c       0x50 C:/ST/STM32CubeIDE_1.10.1/STM32CubeIDE/plugins/com.st.stm32cube.ide.mcu.externaltools.gnu-tools-for-stm32.11.3.rel1.win32_1.1.0.202305231506/tools/bin/../lib/gcc/arm-none-eabi/11.3.1/../../../../arm-none-eabi/lib/thumb/v6-m/nofp\libc_nano.a(libc_a-mallocr.o)
 .debug_frame   0x0000000000003bac       0x40 C:/ST/STM32CubeIDE_1.10.1/STM32CubeIDE/plugins/com.st.stm32cube.ide.mcu.externaltools.gnu-tools-for-stm32.11.3.rel1.win32_1.1.0.202305231506/tools/bin/../lib/gcc/arm-none-eabi/11.3.1/../../../../arm-none-eabi/lib/thumb/v6-m/nofp\libc_nano.a(libc_a-mlock.o)
 .debug_frame   0x0000000000003bec       0x74 C:/ST/STM32CubeIDE_1.10.1/STM32CubeIDE/plugins/com.st.stm32cube.ide.mcu.externaltools.gnu-tools-for-stm32.11.3.rel1.win32_1.1.0.202305231506/tools/bin/../lib/gcc/arm-none-eabi/11.3.1/../../../../arm-none-eabi/lib/thumb/v6-m/nofp\libc_nano.a(libc_a-nano-svfprintf.o)
 .debug_frame   0x0000000000003c60       0x54 C:/ST/STM32CubeIDE_1.10.1/STM32CubeIDE/plugins/com.st.stm32cube.ide.mcu.externaltools.gnu-tools-for-stm32.11.3.rel1.win32_1.1.0.202305231506/tools/bin/../lib/gcc/arm-none-eabi/11.3.1/../../../../arm-none-eabi/lib/thumb/v6-m/nofp\libc_nano.a(libc_a-nano-vfprintf_i.o)
 .debug_frame   0x0000000000003cb4       0x28 C:/ST/STM32CubeIDE_1.10.1/STM32CubeIDE/plugins/com.st.stm32cube.ide.mcu.externaltools.gnu-tools-for-stm32.11.3.rel1.win32_1.1.0.202305231506/tools/bin/../lib/gcc/arm-none-eabi/11.3.1/../../../../arm-none-eabi/lib/thumb/v6-m/nofp\libc_nano.a(libc_a-memmove.o)
 .debug_frame   0x0000000000003cdc       0x2c C:/ST/STM32CubeIDE_1.10.1/STM32CubeIDE/plugins/com.st.stm32cube.ide.mcu.externaltools.gnu-tools-for-stm32.11.3.rel1.win32_1.1.0.202305231506/tools/bin/../lib/gcc/arm-none-eabi/11.3.1/../../../../arm-none-eabi/lib/thumb/v6-m/nofp\libc_nano.a(libc_a-sbrkr.o)
 .debug_frame   0x0000000000003d08       0x20 C:/ST/STM32CubeIDE_1.10.1/STM32CubeIDE/plugins/com.st.stm32cube.ide.mcu.externaltools.gnu-tools-for-stm32.11.3.rel1.win32_1.1.0.202305231506/tools/bin/../lib/gcc/arm-none-eabi/11.3.1/../../../../arm-none-eabi/lib/thumb/v6-m/nofp\libc_nano.a(libc_a-memchr-stub.o)
 .debug_frame   0x0000000000003d28       0x28 C:/ST/STM32CubeIDE_1.10.1/STM32CubeIDE/plugins/com.st.stm32cube.ide.mcu.externaltools.gnu-tools-for-stm32.11.3.rel1.win32_1.1.0.202305231506/tools/bin/../lib/gcc/arm-none-eabi/11.3.1/../../../../arm-none-eabi/lib/thumb/v6-m/nofp\libc_nano.a(libc_a-memcpy-stub.o)
 .debug_frame   0x0000000000003d50       0x34 C:/ST/STM32CubeIDE_1.10.1/STM32CubeIDE/plugins/com.st.stm32cube.ide.mcu.externaltools.gnu-tools-for-stm32.11.3.rel1.win32_1.1.0.202305231506/tools/bin/../lib/gcc/arm-none-eabi/11.3.1/../../../../arm-none-eabi/lib/thumb/v6-m/nofp\libc_nano.a(libc_a-reallocr.o)
 .debug_frame   0x0000000000003d84       0x20 C:/ST/STM32CubeIDE_1.10.1/STM32CubeIDE/plugins/com.st.stm32cube.ide.mcu.externaltools.gnu-tools-for-stm32.11.3.rel1.win32_1.1.0.202305231506/tools/bin/../lib/gcc/arm-none-eabi/11.3.1/../../../../arm-none-eabi/lib/thumb/v6-m/nofp\libc_nano.a(libc_a-msizer.o)
 .debug_frame   0x0000000000003da4       0x20 C:/ST/STM32CubeIDE_1.10.1/STM32CubeIDE/plugins/com.st.stm32cube.ide.mcu.externaltools.gnu-tools-for-stm32.11.3.rel1.win32_1.1.0.202305231506/tools/bin/../lib/gcc/arm-none-eabi/11.3.1/thumb/v6-m/nofp\libgcc.a(_udivsi3.o)

.debug_line_str
                0x0000000000000000       0x8a
 .debug_line_str
                0x0000000000000000       0x8a ./Core/Startup/startup_stm32f030c8tx.o
                                         0xa2 (size before relaxing)
