../Core/Src/main.c:186:6:HAL_UART_RxCpltCallback	16	static
../Core/Src/main.c:209:6:HAL_TIM_PeriodElapsedCallback	16	static
../Core/Src/main.c:235:6:print_int	32	static
../Core/Src/main.c:244:9:update_key_press	8	static
../Core/Src/main.c:316:6:set_data_positive	8	static
../Core/Src/main.c:397:6:set_data_negative	8	static
../Core/Src/main.c:467:6:update_new_data	8	static
../Core/Src/main.c:579:6:page_2_print	8	static
../Core/Src/main.c:585:6:page_3_print	8	static
../Core/Src/main.c:674:6:update_screen_data_2	8	static
../Core/Src/main.c:691:6:update_screen_data_3	8	static
../Core/Src/main.c:892:6:update_screen_data	16	static
../Core/Src/main.c:1050:6:send_cmd	24	static
../Core/Src/main.c:1184:6:page1_print	16	static
../Core/Src/main.c:1245:6:HAL_GPIO_EXTI_Callback	16	static,ignoring_inline_asm
../Core/Src/main.c:1305:6:beep_sound	8	static
../Core/Src/main.c:1423:5:main	32	static
../Core/Src/main.c:2043:6:SystemClock_Config	96	static
../Core/Src/main.c:2089:13:MX_I2C1_Init	8	static
../Core/Src/main.c:2136:13:MX_TIM6_Init	8	static
../Core/Src/main.c:2165:13:MX_TIM14_Init	8	static
../Core/Src/main.c:2195:13:MX_USART1_UART_Init	8	static
../Core/Src/main.c:2229:13:MX_GPIO_Init	48	static
../Core/Src/main.c:2297:6:Error_Handler	8	static,ignoring_inline_asm
